 BugTrap-x64

 Timestamp is 6818b9a2 (Mon May  5 23:14:10 2025)

 Preferred load address is 0000000180000000

 Start         Length     Name                   Class
 0001:00000000 00000800H .text$di                CODE
 0001:00000800 00031d30H .text$mn                CODE
 0001:00032530 00000040H .text$mn$00             CODE
 0001:00032570 00000130H .text$x                 CODE
 0001:000326a0 000002baH .text$yd                CODE
 0002:00000000 00000a18H .idata$5                DATA
 0002:00000a18 00000038H .00cfg                  DATA
 0002:00000a50 00000008H .CRT$XCA                DATA
 0002:00000a58 000000d8H .CRT$XCU                DATA
 0002:00000b30 00000008H .CRT$XCZ                DATA
 0002:00000b38 00000008H .CRT$XIA                DATA
 0002:00000b40 00000008H .CRT$XIZ                DATA
 0002:00000b48 00000008H .CRT$XPA                DATA
 0002:00000b50 00000008H .CRT$XPZ                DATA
 0002:00000b58 00000008H .CRT$XTA                DATA
 0002:00000b60 00000020H .CRT$XTZ                DATA
 0002:00000b68 00000000H .gehcont$y              DATA
 0002:00000b68 00000000H .gfids$y                DATA
 0002:00000b80 00005480H .rdata                  DATA
 0002:00006000 00000000H .rdata$CastGuardVftablesA DATA
 0002:00006000 00000000H .rdata$CastGuardVftablesC DATA
 0002:00006000 0000008cH .rdata$voltmd           DATA
 0002:0000608c 000002f4H .rdata$zzzdbg           DATA
 0002:00006380 00000008H .rtc$IAA                DATA
 0002:00006388 00000008H .rtc$IZZ                DATA
 0002:00006390 00000008H .rtc$TAA                DATA
 0002:00006398 00000008H .rtc$TZZ                DATA
 0002:000063a0 00004a00H .xdata                  DATA
 0002:0000ada0 00000940H .edata                  DATA
 0002:0000b6e0 0000017cH .idata$2                DATA
 0002:0000b85c 00000014H .idata$3                DATA
 0002:0000b870 00000a18H .idata$4                DATA
 0002:0000c288 0000152cH .idata$6                DATA
 0003:00000000 00000600H .data                   DATA
 0003:00000600 00001e18H .bss                    DATA
 0004:00000000 00003528H .pdata                  DATA
 0005:00000000 000006c0H .rsrc$01                DATA
 0005:000006c0 00009338H .rsrc$02                DATA

  Address         Publics by Value              Rva+Base               Lib:Object

 0000:00000000       __AbsoluteZero             0000000000000000     <absolute>
 0000:00000000       ___safe_se_handler_count   0000000000000000     <absolute>
 0000:00000000       ___safe_se_handler_table   0000000000000000     <absolute>
 0000:00000000       __arm64x_extra_rfe_table   0000000000000000     <absolute>
 0000:00000000       __arm64x_extra_rfe_table_size 0000000000000000     <absolute>
 0000:00000000       __arm64x_native_entrypoint 0000000000000000     <absolute>
 0000:00000000       __arm64x_redirection_metadata 0000000000000000     <absolute>
 0000:00000000       __arm64x_redirection_metadata_count 0000000000000000     <absolute>
 0000:00000000       __dynamic_value_reloc_table 0000000000000000     <absolute>
 0000:00000000       __enclave_config           0000000000000000     <absolute>
 0000:00000000       __guard_check_icall_a64n_fptr 0000000000000000     <absolute>
 0000:00000000       __guard_eh_cont_count      0000000000000000     <absolute>
 0000:00000000       __guard_eh_cont_table      0000000000000000     <absolute>
 0000:00000000       __guard_fids_count         0000000000000000     <absolute>
 0000:00000000       __guard_fids_table         0000000000000000     <absolute>
 0000:00000000       __guard_iat_count          0000000000000000     <absolute>
 0000:00000000       __guard_iat_table          0000000000000000     <absolute>
 0000:00000000       __guard_longjmp_count      0000000000000000     <absolute>
 0000:00000000       __guard_longjmp_table      0000000000000000     <absolute>
 0000:00000000       __hybrid_auxiliary_delayload_iat 0000000000000000     <absolute>
 0000:00000000       __hybrid_auxiliary_delayload_iat_copy 0000000000000000     <absolute>
 0000:00000000       __hybrid_auxiliary_iat     0000000000000000     <absolute>
 0000:00000000       __hybrid_auxiliary_iat_copy 0000000000000000     <absolute>
 0000:00000000       __hybrid_code_map          0000000000000000     <absolute>
 0000:00000000       __hybrid_code_map_count    0000000000000000     <absolute>
 0000:00000000       __hybrid_image_info_bitfield 0000000000000000     <absolute>
 0000:00000000       __x64_code_ranges_to_entry_points 0000000000000000     <absolute>
 0000:00000000       __x64_code_ranges_to_entry_points_count 0000000000000000     <absolute>
 0000:00000100       __guard_flags              0000000000000100     <absolute>
 0000:00000000       __ImageBase                0000000180000000     <linker-defined>
 0001:00000c68       zipOpen2                   0000000180001c68 f   zlib:zip.obj
 0001:00001048       zipOpen                    0000000180002048 f   zlib:zip.obj
 0001:00001050       zipOpenNewFileInZip3       0000000180002050 f   zlib:zip.obj
 0001:00001628       zipOpenNewFileInZip        0000000180002628 f   zlib:zip.obj
 0001:00001774       zipWriteInFileInZip        0000000180002774 f   zlib:zip.obj
 0001:00001894       zipCloseFileInZipRaw       0000000180002894 f   zlib:zip.obj
 0001:00001ae8       zipCloseFileInZip          0000000180002ae8 f   zlib:zip.obj
 0001:00001af0       zipClose                   0000000180002af0 f   zlib:zip.obj
 0001:00001d2c       deflateInit2_              0000000180002d2c f   zlib:deflate.obj
 0001:00001fac       deflateReset               0000000180002fac f   zlib:deflate.obj
 0001:000021bc       deflate                    00000001800031bc f   zlib:deflate.obj
 0001:00002a84       deflateEnd                 0000000180003a84 f   zlib:deflate.obj
 0001:00003abc       fopen_file_func            0000000180004abc f   zlib:ioapi.obj
 0001:00003b14       fread_file_func            0000000180004b14 f   zlib:ioapi.obj
 0001:00003b2c       fwrite_file_func           0000000180004b2c f   zlib:ioapi.obj
 0001:00003b44       ftell_file_func            0000000180004b44 f   zlib:ioapi.obj
 0001:00003b50       fseek_file_func            0000000180004b50 f   zlib:ioapi.obj
 0001:00003b94       fclose_file_func           0000000180004b94 f   zlib:ioapi.obj
 0001:00003ba0       ferror_file_func           0000000180004ba0 f   zlib:ioapi.obj
 0001:00004cc0       _tr_stored_block           0000000180005cc0 f   zlib:trees.obj
 0001:00004df0       _tr_flush_block            0000000180005df0 f   zlib:trees.obj
 0001:00005544       zcalloc                    0000000180006544 f   zlib:zutil.obj
 0001:00005554       zcfree                     0000000180006554 f   zlib:zutil.obj
 0001:00005560       adler32                    0000000180006560 f   zlib:adler32.obj
 0001:0000584c       ??2@YAPEAX_K@Z             000000018000684c f   nothrownew.obj
 0001:0000587c       ??_U@YAPEAX_K@Z            000000018000687c f   nothrownew.obj
 0001:00005890       ?AboutDlgProc@@YA_JPEAUHWND__@@I_K_J@Z 0000000180006890 f   AboutDlg.obj
 0001:00005980       ??0CAnimProgressBar@@QEAA@XZ 0000000180006980 f   AnimProgressBar.obj
 0001:000059b0       ?Attach@CAnimProgressBar@@QEAAXPEAUHWND__@@@Z 00000001800069b0 f   AnimProgressBar.obj
 0001:00005a10       ?Detach@CAnimProgressBar@@QEAAXXZ 0000000180006a10 f   AnimProgressBar.obj
 0001:00005a90       ?Play@CAnimProgressBar@@QEAAXXZ 0000000180006a90 f   AnimProgressBar.obj
 0001:00005ac0       ?Stop@CAnimProgressBar@@QEAAXXZ 0000000180006ac0 f   AnimProgressBar.obj
 0001:00005af0       ?SetTimeout@CAnimProgressBar@@QEAAXK@Z 0000000180006af0 f   AnimProgressBar.obj
 0001:00005b20       ?AnimProgressBarWndProc@CAnimProgressBar@@CA_JPEAUHWND__@@I_K_J@Z 0000000180006b20 f   AnimProgressBar.obj
 0001:00005c60       ?DrawAnimProgressBar@CAnimProgressBar@@AEBAXPEAUHDC__@@PEBUtagRECT@@@Z 0000000180006c60 f   AnimProgressBar.obj
 0001:00006110       ?CloseThemeDataFail@CThemeXP@@CAJPEAX@Z 0000000180007110 f i ThemeXP.obj
 0001:00006110       ?DrawThemeBackgroundFail@CThemeXP@@CAJPEAXPEAUHDC__@@HHPEBUtagRECT@@2@Z 0000000180007110 f i AnimProgressBar.obj
 0001:00006110       ?GetThemeBackgroundContentRectFail@CThemeXP@@CAJPEAXPEAUHDC__@@HHPEBUtagRECT@@PEAU3@@Z 0000000180007110 f i AnimProgressBar.obj
 0001:00006110       ?GetThemePartSizeFail@CThemeXP@@CAJPEAXPEAUHDC__@@HHPEAUtagRECT@@W4THEMESIZE@@PEAUtagSIZE@@@Z 0000000180007110 f i AnimProgressBar.obj
 0001:00006120       ?DummySetUnhandledExceptionFilter@CModuleImportTable@@CAP6AJPEAU_EXCEPTION_POINTERS@@@ZP6AJ0@Z@Z 0000000180007120 f i ModuleImportTable.obj
 0001:00006120       ?GetDecoder@CCharInputStream@@UEBAPEAVCBaseDecoder@@XZ 0000000180007120 f i XmlLogFile.obj
 0001:00006120       ?GetEncoding@CAnsiDecoder@@UEAA?AW4TEXT_ENCODING@@XZ 0000000180007120 f i Encoding.obj
 0001:00006120       ?GetFeatures@CBaseStream@@UEBAIXZ 0000000180007120 f i BugTrap.obj
 0001:00006120       ?GetLastError@CBaseStream@@UEBAJXZ 0000000180007120 f i BugTrap.obj
 0001:00006120       ?GetLogSizeInBytes@CLogFile@@UEBAKXZ 0000000180007120 f i BugTrap.obj
 0001:00006120       ?GetLogSizeInEntries@CLogFile@@UEBAKXZ 0000000180007120 f i BugTrap.obj
 0001:00006120       ?GetLogType@CLogLink@@UEBA?AW4BUGTRAP_LOGTYPE_tag@@XZ 0000000180007120 f i BugTrap.obj
 0001:00006120       ?IsAppThemedFail@CThemeXP@@CAHXZ 0000000180007120 f i AnimProgressBar.obj
 0001:00006120       ?OpenThemeDataFail@CThemeXP@@CAPEAXPEAUHWND__@@PEB_W@Z 0000000180007120 f i AnimProgressBar.obj
 0001:00006120       ?SaveEntries@CLogStream@@UEAAHH@Z 0000000180007120 f i BugTrap.obj
 0001:00006120       ?SetLogSizeInBytes@CLogFile@@UEAAHK@Z 0000000180007120 f i BugTrap.obj
 0001:00006120       ?SetLogSizeInEntries@CLogFile@@UEAAHK@Z 0000000180007120 f i BugTrap.obj
 0001:00006120       __scrt_stub_for_is_c_termination_complete 0000000180007120 f i MSVCRT:ucrt_stubs.obj
 0001:00006120       _is_c_termination_complete 0000000180007120 f i MSVCRT:ucrt_stubs.obj
 0001:00006130       BT_GetAppName              0000000180007130 f   BugTrap.obj
 0001:00006140       BT_SetAppName              0000000180007140 f   BugTrap.obj
 0001:00006170       BT_GetAppVersion           0000000180007170 f   BugTrap.obj
 0001:00006180       BT_SetAppVersion           0000000180007180 f   BugTrap.obj
 0001:000061b0       BT_ReadVersionInfo         00000001800071b0 f   BugTrap.obj
 0001:000063e0       BT_GetModule               00000001800073e0 f   BugTrap.obj
 0001:000063f0       BT_SetModule               00000001800073f0 f   BugTrap.obj
 0001:00006400       BT_GetDialogMessage        0000000180007400 f   BugTrap.obj
 0001:00006440       BT_SetDialogMessage        0000000180007440 f   BugTrap.obj
 0001:000064c0       BT_GetSupportURL           00000001800074c0 f   BugTrap.obj
 0001:000064d0       BT_SetSupportURL           00000001800074d0 f   BugTrap.obj
 0001:00006500       BT_GetSupportEMail         0000000180007500 f   BugTrap.obj
 0001:00006510       BT_SetSupportEMail         0000000180007510 f   BugTrap.obj
 0001:00006540       BT_GetSupportHost          0000000180007540 f   BugTrap.obj
 0001:00006550       BT_SetSupportHost          0000000180007550 f   BugTrap.obj
 0001:00006580       BT_GetSupportPort          0000000180007580 f   BugTrap.obj
 0001:00006590       BT_SetSupportPort          0000000180007590 f   BugTrap.obj
 0001:000065a0       BT_SetSupportServer        00000001800075a0 f   BugTrap.obj
 0001:000065f0       BT_GetNotificationEMail    00000001800075f0 f   BugTrap.obj
 0001:00006600       BT_SetNotificationEMail    0000000180007600 f   BugTrap.obj
 0001:00006630       BT_GetFlags                0000000180007630 f   BugTrap.obj
 0001:00006640       BT_SetFlags                0000000180007640 f   BugTrap.obj
 0001:00006650       BT_GetDumpType             0000000180007650 f   BugTrap.obj
 0001:00006660       BT_SetDumpType             0000000180007660 f   BugTrap.obj
 0001:00006670       BT_GetReportFormat         0000000180007670 f   BugTrap.obj
 0001:00006680       BT_SetReportFormat         0000000180007680 f   BugTrap.obj
 0001:00006690       BT_GetUserMessage          0000000180007690 f   BugTrap.obj
 0001:000066b0       BT_SetUserMessage          00000001800076b0 f   BugTrap.obj
 0001:000066e0       BT_SetUserMessageFromCode  00000001800076e0 f   BugTrap.obj
 0001:00006860       BT_GetActivityType         0000000180007860 f   BugTrap.obj
 0001:00006870       BT_SetActivityType         0000000180007870 f   BugTrap.obj
 0001:00006880       BT_GetExitMode             0000000180007880 f   BugTrap.obj
 0001:00006890       BT_SetExitMode             0000000180007890 f   BugTrap.obj
 0001:000068a0       BT_GetReportFilePath       00000001800078a0 f   BugTrap.obj
 0001:000068d0       BT_SetReportFilePath       00000001800078d0 f   BugTrap.obj
 0001:00006900       BT_GetMailProfile          0000000180007900 f   BugTrap.obj
 0001:00006910       BT_SetMailProfile          0000000180007910 f   BugTrap.obj
 0001:00006970       BT_ExportRegistryKey       0000000180007970 f   BugTrap.obj
 0001:00006c50       BT_AddLogFile              0000000180007c50 f   BugTrap.obj
 0001:00006db0       BT_AddRegFile              0000000180007db0 f   BugTrap.obj
 0001:00006f40       BT_DeleteLogFile           0000000180007f40 f   BugTrap.obj
 0001:00006ff0       BT_ClearLogFiles           0000000180007ff0 f   BugTrap.obj
 0001:00007080       BT_GetLogFilesCount        0000000180008080 f   BugTrap.obj
 0001:00007090       BT_GetLogFileEntry         0000000180008090 f   BugTrap.obj
 0001:00007200       BT_GetPreErrHandler        0000000180008200 f   BugTrap.obj
 0001:00007210       BT_SetPreErrHandler        0000000180008210 f   BugTrap.obj
 0001:00007230       BT_GetPostErrHandler       0000000180008230 f   BugTrap.obj
 0001:00007240       BT_SetPostErrHandler       0000000180008240 f   BugTrap.obj
 0001:00007260       BT_OpenLogFile             0000000180008260 f   BugTrap.obj
 0001:00007580       BT_CloseLogFile            0000000180008580 f   BugTrap.obj
 0001:00007640       BT_FlushLogFile            0000000180008640 f   BugTrap.obj
 0001:000076c0       BT_GetLogFileName          00000001800086c0 f   BugTrap.obj
 0001:00007740       BT_GetLogSizeInEntries     0000000180008740 f   BugTrap.obj
 0001:000077c0       BT_SetLogSizeInEntries     00000001800087c0 f   BugTrap.obj
 0001:00007840       BT_GetLogSizeInBytes       0000000180008840 f   BugTrap.obj
 0001:000078c0       BT_SetLogSizeInBytes       00000001800088c0 f   BugTrap.obj
 0001:00007940       BT_GetLogFlags             0000000180008940 f   BugTrap.obj
 0001:000079b0       BT_SetLogFlags             00000001800089b0 f   BugTrap.obj
 0001:00007a20       BT_GetLogLevel             0000000180008a20 f   BugTrap.obj
 0001:00007a90       BT_SetLogLevel             0000000180008a90 f   BugTrap.obj
 0001:00007b00       BT_GetLogEchoMode          0000000180008b00 f   BugTrap.obj
 0001:00007b70       BT_SetLogEchoMode          0000000180008b70 f   BugTrap.obj
 0001:00007be0       BT_ClearLog                0000000180008be0 f   BugTrap.obj
 0001:00007c60       BT_InsLogEntryF            0000000180008c60 f   BugTrap.obj
 0001:00007d20       BT_AppLogEntryF            0000000180008d20 f   BugTrap.obj
 0001:00007de0       BT_InsLogEntryV            0000000180008de0 f   BugTrap.obj
 0001:00007ea0       BT_AppLogEntryV            0000000180008ea0 f   BugTrap.obj
 0001:00007f60       BT_InsLogEntry             0000000180008f60 f   BugTrap.obj
 0001:00008020       BT_AppLogEntry             0000000180009020 f   BugTrap.obj
 0001:000080e0       BT_InstallSehFilter        00000001800090e0 f   BugTrap.obj
 0001:00008190       BT_UninstallSehFilter      0000000180009190 f   BugTrap.obj
 0001:00008220       BT_InterceptSUEF           0000000180009220 f   BugTrap.obj
 0001:00008240       BT_SaveSnapshot            0000000180009240 f   BugTrap.obj
 0001:000082a0       BT_SaveSnapshotEx          00000001800092a0 f   BugTrap.obj
 0001:00008300       BT_SendSnapshot            0000000180009300 f   BugTrap.obj
 0001:00008350       BT_SendSnapshotEx          0000000180009350 f   BugTrap.obj
 0001:000083b0       BT_MailSnapshot            00000001800093b0 f   BugTrap.obj
 0001:00008400       BT_MailSnapshotEx          0000000180009400 f   BugTrap.obj
 0001:00008460       BT_SehFilter               0000000180009460 f   BugTrap.obj
 0001:00008470       BT_CallSehFilter           0000000180009470 f   BugTrap.obj
 0001:000084a0       BT_CppFilter               00000001800094a0 f   BugTrap.obj
 0001:000084b0       BT_CallCppFilter           00000001800094b0 f   BugTrap.obj
 0001:000084e0       DllMain                    00000001800094e0 f   BugTrap.obj
 0001:00008600       BT_NetFilter               0000000180009600 f   BugTrap.obj
 0001:00008610       BT_CallNetFilter           0000000180009610 f   BugTrap.obj
 0001:00008620       ??0CMemStream@@QEAA@_K@Z   0000000180009620 f i BugTrap.obj
 0001:00008710       ??1?$CHash@PEAUHINSTANCE__@@P6AP6AJPEAU_EXCEPTION_POINTERS@@@ZP6AJ0@Z@ZV?$CObjectTraits@PEAUHINSTANCE__@@@@V?$CObjectTraits@P6AP6AJPEAU_EXCEPTION_POINTERS@@@ZP6AJ0@Z@Z@@V?$CCompareTraits@PEAUHINSTANCE__@@@@V?$CHashTraits@PEAUHINSTANCE__@@@@@@QEAA@XZ 0000000180009710 f i BugTrap.obj
 0001:000087b0       ??1CEngineParams@CSymEngine@@QEAA@XZ 00000001800097b0 f i BugTrap.obj
 0001:000088a0       ??1CInMemLogFile@@UEAA@XZ  00000001800098a0 f i BugTrap.obj
 0001:00008904       ??_ECMemStream@@$4PPPPPPPM@A@EAAPEAXI@Z 0000000180009904 f i BugTrap.obj
 0001:00008910       ??_ECBaseStream@@UEAAPEAXI@Z 0000000180009910 f i BugTrap.obj
 0001:00008910       ??_GCBaseStream@@UEAAPEAXI@Z 0000000180009910 f i BugTrap.obj
 0001:00008940       ??_ECInMemLogFile@@UEAAPEAXI@Z 0000000180009940 f i BugTrap.obj
 0001:00008940       ??_ECXmlLogFile@@UEAAPEAXI@Z 0000000180009940 f i BugTrap.obj
 0001:00008940       ??_GCInMemLogFile@@UEAAPEAXI@Z 0000000180009940 f i BugTrap.obj
 0001:00008940       ??_GCXmlLogFile@@UEAAPEAXI@Z 0000000180009940 f i BugTrap.obj
 0001:00008980       ??_ECInputStream@@UEAAPEAXI@Z 0000000180009980 f i BugTrap.obj
 0001:00008980       ??_ECOutputStream@@UEAAPEAXI@Z 0000000180009980 f i BugTrap.obj
 0001:00008980       ??_GCInputStream@@UEAAPEAXI@Z 0000000180009980 f i BugTrap.obj
 0001:00008980       ??_GCOutputStream@@UEAAPEAXI@Z 0000000180009980 f i BugTrap.obj
 0001:000089b0       ??_ECLogFile@@UEAAPEAXI@Z  00000001800099b0 f i BugTrap.obj
 0001:000089b0       ??_GCLogFile@@UEAAPEAXI@Z  00000001800099b0 f i BugTrap.obj
 0001:00008a30       ??_ECLogLink@@UEAAPEAXI@Z  0000000180009a30 f i BugTrap.obj
 0001:00008a30       ??_GCLogLink@@UEAAPEAXI@Z  0000000180009a30 f i BugTrap.obj
 0001:00008a60       ??_ECLogStream@@UEAAPEAXI@Z 0000000180009a60 f i BugTrap.obj
 0001:00008a60       ??_GCLogStream@@UEAAPEAXI@Z 0000000180009a60 f i BugTrap.obj
 0001:00008b50       ??_ECMemStream@@UEAAPEAXI@Z 0000000180009b50 f i BugTrap.obj
 0001:00008b50       ??_GCMemStream@@UEAAPEAXI@Z 0000000180009b50 f i BugTrap.obj
 0001:00008be0       ??_ECRegLink@@UEAAPEAXI@Z  0000000180009be0 f i BugTrap.obj
 0001:00008be0       ??_GCRegLink@@UEAAPEAXI@Z  0000000180009be0 f i BugTrap.obj
 0001:00008c10       ??_ECStream@@UEAAPEAXI@Z   0000000180009c10 f i BugTrap.obj
 0001:00008c10       ??_GCStream@@UEAAPEAXI@Z   0000000180009c10 f i BugTrap.obj
 0001:00008c40       ??_ECTextLogFile@@UEAAPEAXI@Z 0000000180009c40 f i BugTrap.obj
 0001:00008c40       ??_GCTextLogFile@@UEAAPEAXI@Z 0000000180009c40 f i BugTrap.obj
 0001:00008ce0       ?ClearEntries@CInMemLogFile@@UEAAHXZ 0000000180009ce0 f i BugTrap.obj
 0001:00008d00       ?Close@CBaseStream@@UEAAXXZ 0000000180009d00 f i BugTrap.obj
 0001:00008d00       ?Close@CInMemLogFile@@UEAAXXZ 0000000180009d00 f i BugTrap.obj
 0001:00008d00       ?SaveEntries@CLogLink@@UEAAX_N@Z 0000000180009d00 f i BugTrap.obj
 0001:00008d00       _guard_check_icall_nop     0000000180009d00 f i MSVCRT:guard_support.obj
 0001:00008d04       ?Close@CMemStream@@$4PPPPPPPM@A@EAAXXZ 0000000180009d04 f i BugTrap.obj
 0001:00008d10       ?Close@CMemStream@@UEAAXXZ 0000000180009d10 f i BugTrap.obj
 0001:00009bd8       ?GetFeatures@CMemStream@@$4PPPPPPPM@A@EBAIXZ 000000018000abd8 f i BugTrap.obj
 0001:00009bf0       ?GetFeatures@CMemStream@@UEBAIXZ 000000018000abf0 f i BugTrap.obj
 0001:00009c00       ?GetLength@CBaseStream@@UEBA_KXZ 000000018000ac00 f i BugTrap.obj
 0001:00009c00       ?GetPosition@CBaseStream@@UEBA_KXZ 000000018000ac00 f i BugTrap.obj
 0001:00009c00       ?SetLength@COutputStream@@UEAA_K_K@Z 000000018000ac00 f i BugTrap.obj
 0001:00009c00       ?SetPosition@CBaseStream@@UEAA_K_JH@Z 000000018000ac00 f i BugTrap.obj
 0001:00009c08       ?GetLength@CMemStream@@$4PPPPPPPM@A@EBA_KXZ 000000018000ac08 f i BugTrap.obj
 0001:00009c20       ?GetLength@CMemStream@@UEBA_KXZ 000000018000ac20 f i BugTrap.obj
 0001:00009c30       ?GetLogFileExtension@CLogStream@@MEBAPEBDXZ 000000018000ac30 f i BugTrap.obj
 0001:00009c30       ?GetLogFileExtension@CTextLogFile@@EEBAPEBDXZ 000000018000ac30 f i BugTrap.obj
 0001:00009c40       ?GetLogFileExtension@CXmlLogFile@@EEBAPEBDXZ 000000018000ac40 f i BugTrap.obj
 0001:00009c50       ?GetLogSizeInBytes@CInMemLogFile@@UEBAKXZ 000000018000ac50 f i BugTrap.obj
 0001:00009c60       ?GetLogSizeInEntries@CInMemLogFile@@UEBAKXZ 000000018000ac60 f i BugTrap.obj
 0001:00009c70       ?GetEncoding@CUTF8Decoder@@UEAA?AW4TEXT_ENCODING@@XZ 000000018000ac70 f i Encoding.obj
 0001:00009c70       ?GetLogType@CRegLink@@UEBA?AW4BUGTRAP_LOGTYPE_tag@@XZ 000000018000ac70 f i BugTrap.obj
 0001:00009c70       _get_startup_argv_mode     000000018000ac70 f i MSVCRT:argv_mode.obj
 0001:00009c80       ?GetName@CBaseStream@@UEBA_NPEAD_K@Z 000000018000ac80 f i BugTrap.obj
 0001:00009c80       ?GetName@CCharInputStream@@UEBA_NPEAD_K@Z 000000018000ac80 f i XmlLogFile.obj
 0001:00009c8c       ?GetPosition@CMemStream@@$4PPPPPPPM@A@EBA_KXZ 000000018000ac8c f i BugTrap.obj
 0001:00009ca0       ?GetPosition@CMemStream@@UEBA_KXZ 000000018000aca0 f i BugTrap.obj
 0001:0000a020       ?IsEndOfStream@CMemStream@@UEBA_NXZ 000000018000b020 f i BugTrap.obj
 0001:0000a030       ?IsOpen@CBaseStream@@UEBA_NXZ 000000018000b030 f i BugTrap.obj
 0001:0000a030       __acrt_initialize          000000018000b030 f i MSVCRT:ucrt_stubs.obj
 0001:0000a030       __acrt_thread_attach       000000018000b030 f i MSVCRT:ucrt_stubs.obj
 0001:0000a030       __acrt_thread_detach       000000018000b030 f i MSVCRT:ucrt_stubs.obj
 0001:0000a030       __acrt_uninitialize        000000018000b030 f i MSVCRT:ucrt_stubs.obj
 0001:0000a030       __acrt_uninitialize_critical 000000018000b030 f i MSVCRT:ucrt_stubs.obj
 0001:0000a030       __scrt_stub_for_acrt_initialize 000000018000b030 f i MSVCRT:ucrt_stubs.obj
 0001:0000a030       __scrt_stub_for_acrt_thread_attach 000000018000b030 f i MSVCRT:ucrt_stubs.obj
 0001:0000a030       __scrt_stub_for_acrt_thread_detach 000000018000b030 f i MSVCRT:ucrt_stubs.obj
 0001:0000a030       __scrt_stub_for_acrt_uninitialize 000000018000b030 f i MSVCRT:ucrt_stubs.obj
 0001:0000a030       __scrt_stub_for_acrt_uninitialize_critical 000000018000b030 f i MSVCRT:ucrt_stubs.obj
 0001:0000a030       __vcrt_initialize          000000018000b030 f i MSVCRT:ucrt_stubs.obj
 0001:0000a030       __vcrt_thread_attach       000000018000b030 f i MSVCRT:ucrt_stubs.obj
 0001:0000a030       __vcrt_thread_detach       000000018000b030 f i MSVCRT:ucrt_stubs.obj
 0001:0000a030       __vcrt_uninitialize        000000018000b030 f i MSVCRT:ucrt_stubs.obj
 0001:0000a030       __vcrt_uninitialize_critical 000000018000b030 f i MSVCRT:ucrt_stubs.obj
 0001:0000a040       ?Release@?$CPtrLinkEngine@VCScreenShot@CSymEngine@@UCPtrTraits@@@@IEAAXXZ 000000018000b040 f i BugTrap.obj
 0001:0000a110       ?SaveEntries@CRegLink@@UEAAX_N@Z 000000018000b110 f i BugTrap.obj
 0001:0000a1d0       ?SetLogSizeInBytes@CInMemLogFile@@UEAAHK@Z 000000018000b1d0 f i BugTrap.obj
 0001:0000a1e0       ?SetLogSizeInEntries@CInMemLogFile@@UEAAHK@Z 000000018000b1e0 f i BugTrap.obj
 0001:0000a1ec       ?SetPosition@CMemStream@@$4PPPPPPPM@A@EAA_K_JH@Z 000000018000b1ec f i BugTrap.obj
 0001:0000a710       __local_stdio_printf_options 000000018000b710 f i BugTrap.obj
 0001:0000a720       sprintf_s                  000000018000b720 f i BugTrap.obj
 0001:0000a780       ??0CTransferThreadParams@@QEAA@PEAUHWND__@@@Z 000000018000b780 f   BugTrapUI.obj
 0001:0000a7f0       ??1CTransferThreadParams@@QEAA@XZ 000000018000b7f0 f   BugTrapUI.obj
 0001:0000a830       ?SetErrorCode@CTransferThreadParams@@QEAAXK@Z 000000018000b830 f   BugTrapUI.obj
 0001:0000a8c0       ?SetErrorCode@CTransferThreadParams@@QEAAXKPEAD@Z 000000018000b8c0 f   BugTrapUI.obj
 0001:0000a910       ?StartTransferThread@@YAPEAXPEAVCTransferThreadParams@@@Z 000000018000b910 f   BugTrapUI.obj
 0001:0000a940       ?CloseTransferThread@@YAKPEAX@Z 000000018000b940 f   BugTrapUI.obj
 0001:0000a990       ?GetDefaultMailSubject@@YAXPEADK@Z 000000018000b990 f   BugTrapUI.obj
 0001:0000a9d0       ?GetDefaultMailURL@@YAXPEADK@Z 000000018000b9d0 f   BugTrapUI.obj
 0001:0000aa20       ?SendEMail@@YAHPEAUHWND__@@PEBD1@Z 000000018000ba20 f   BugTrapUI.obj
 0001:0000af90       ?MailTempReportEx@@YAHPEAUHWND__@@@Z 000000018000bf90 f   BugTrapUI.obj
 0001:0000b1b0       ?SendTempReport@@YAHPEAUHWND__@@@Z 000000018000c1b0 f   BugTrapUI.obj
 0001:0000b310       ?SubmitTempReport@@YAHPEAUHWND__@@@Z 000000018000c310 f   BugTrapUI.obj
 0001:0000b340       ?SendReport@@YAHXZ         000000018000c340 f   BugTrapUI.obj
 0001:0000b390       ?MailReport@@YAHXZ         000000018000c390 f   BugTrapUI.obj
 0001:0000b400       ?SaveReport@@YAHPEBD@Z     000000018000c400 f   BugTrapUI.obj
 0001:0000b4f0       ?InitIntro@@YAXPEAUHWND__@@AEAVCHyperLink@@@Z 000000018000c4f0 f   BugTrapUI.obj
 0001:0000b6a0       ?InitAbout@@YAXPEAUHWND__@@@Z 000000018000c6a0 f   BugTrapUI.obj
 0001:0000b730       ?StartHandlerThread@@YAXXZ 000000018000c730 f   BugTrapUI.obj
 0001:0000b880       ?InternalFilter@@YAJPEAU_EXCEPTION_POINTERS@@@Z 000000018000c880 f   BugTrapUI.obj
 0001:0000ba50       ?MailTempReport@@YAHPEAUHWND__@@@Z 000000018000ca50 f   BugTrapUI.obj
 0001:0000bed0       ?EnsureSize@?$CArray@VCStrHolder@@V?$CObjectTraits@VCStrHolder@@@@V?$CCompareTraits@VCStrHolder@@@@@@QEAAX_K_N@Z 000000018000ced0 f i BugTrapUI.obj
 0001:0000d0e0       ?CenterWindow@@YAXPEAUHWND__@@0@Z 000000018000e0e0 f   BugTrapUtils.obj
 0001:0000d320       ?DisplayWaitBanner@@YAXPEAUHWND__@@@Z 000000018000e320 f   BugTrapUtils.obj
 0001:0000d420       ?ValidateScrollInfo@@YAXPEAUtagSCROLLINFO@@@Z 000000018000e420 f   BugTrapUtils.obj
 0001:0000d470       ?DeleteFolder@@YAHPEBD@Z   000000018000e470 f   BugTrapUtils.obj
 0001:0000d5a0       ?CreateFolder@@YAHPEBD@Z   000000018000e5a0 f   BugTrapUtils.obj
 0001:0000d670       ?CreateParentFolder@@YAHPEBD@Z 000000018000e670 f   BugTrapUtils.obj
 0001:0000d780       ?CreateTempFolder@@YAHPEAD_K@Z 000000018000e780 f   BugTrapUtils.obj
 0001:0000d870       ?GetCanonicalAppName@@YA_KPEAD_KH@Z 000000018000e870 f   BugTrapUtils.obj
 0001:0000da40       ?GetCompleteLogFileName@@YAHPEADPEBD1@Z 000000018000ea40 f   BugTrapUtils.obj
 0001:0000dd20       ?InitList@CListViewOrder@@QEAAXPEAUHWND__@@@Z 000000018000ed20 f   BugTrapUtils.obj
 0001:0000dd80       ?ClearSortParams@CListViewOrder@@QEAAXPEAUHWND__@@@Z 000000018000ed80 f   BugTrapUtils.obj
 0001:0000de10       ?SetSortParams@CListViewOrder@@QEAAXPEAUHWND__@@HH@Z 000000018000ee10 f   BugTrapUtils.obj
 0001:0000dee0       ?ToggleSortParams@CListViewOrder@@QEAAXPEAUHWND__@@H@Z 000000018000eee0 f   BugTrapUtils.obj
 0001:0000dfc0       ?SetSortImage@CListViewOrder@@AEAAXPEAUHWND__@@H@Z 000000018000efc0 f   BugTrapUtils.obj
 0001:0000e070       ?ListViewCompareFunc@@YAH_J00@Z 000000018000f070 f   BugTrapUtils.obj
 0001:0000e1e0       ??0CMapiSession@@QEAA@XZ   000000018000f1e0 f   CMapi.obj
 0001:0000e2f0       ??1CMapiSession@@QEAA@XZ   000000018000f2f0 f   CMapi.obj
 0001:0000e350       ?Logon@CMapiSession@@QEAAHXZ 000000018000f350 f   CMapi.obj
 0001:0000e3d0       ?Logon@CMapiSession@@QEAAHPEBD0H@Z 000000018000f3d0 f   CMapi.obj
 0001:0000e480       ?Logon@CMapiSession@@QEAAHPEAUHWND__@@H@Z 000000018000f480 f   CMapi.obj
 0001:0000e530       ?Logoff@CMapiSession@@QEAAHXZ 000000018000f530 f   CMapi.obj
 0001:0000e580       ?Send@CMapiSession@@QEAAHAEBVCMapiMessage@@HPEAUHWND__@@H@Z 000000018000f580 f   CMapi.obj
 0001:0000ea40       ?Initialise@CMapiSession@@AEAAXXZ 000000018000fa40 f   CMapi.obj
 0001:0000eb40       ?Deinitialise@CMapiSession@@AEAAXXZ 000000018000fb40 f   CMapi.obj
 0001:0000eb80       ?Resolve@CMapiSession@@AEAAHAEBVCStrHolder@@AEAPEAUMapiRecipDesc@@@Z 000000018000fb80 f   CMapi.obj
 0001:0000ebf0       ?FreeBuffer@CMapiSession@@AEAAHPEAX@Z 000000018000fbf0 f   CMapi.obj
 0001:0000ec40       ?InitRecipient@CMapiSession@@AEAAXKAEAUMapiRecipDesc@@AEBVCStrHolder@@@Z 000000018000fc40 f   CMapi.obj
 0001:0000ee70       ?InitRecipients@CMapiSession@@AEAAXKPEAUMapiRecipDesc@@AEA_KAEBV?$CArray@VCStrHolder@@V?$CObjectTraits@VCStrHolder@@@@V?$CCompareTraits@VCStrHolder@@@@@@@Z 000000018000fe70 f   CMapi.obj
 0001:0000ef20       ?GetStringHashValue@@YAIPEBD@Z 000000018000ff20 f   ColHelper.obj
 0001:0000ef50       ?DescribeErrorDlgProc@@YA_JPEAUHWND__@@I_K_J@Z 000000018000ff50 f   DescribeErrorDlg.obj
 0001:0000f2c0       ??_ECAnsiDecoder@@UEAAPEAXI@Z 00000001800102c0 f i Encoding.obj
 0001:0000f2c0       ??_ECBaseDecoder@@UEAAPEAXI@Z 00000001800102c0 f i Encoding.obj
 0001:0000f2c0       ??_ECUTF16BeDecoder@@UEAAPEAXI@Z 00000001800102c0 f i Encoding.obj
 0001:0000f2c0       ??_ECUTF16LeDecoder@@UEAAPEAXI@Z 00000001800102c0 f i Encoding.obj
 0001:0000f2c0       ??_ECUTF8Decoder@@UEAAPEAXI@Z 00000001800102c0 f i Encoding.obj
 0001:0000f2c0       ??_GCAnsiDecoder@@UEAAPEAXI@Z 00000001800102c0 f i Encoding.obj
 0001:0000f2c0       ??_GCBaseDecoder@@UEAAPEAXI@Z 00000001800102c0 f i Encoding.obj
 0001:0000f2c0       ??_GCUTF16BeDecoder@@UEAAPEAXI@Z 00000001800102c0 f i Encoding.obj
 0001:0000f2c0       ??_GCUTF16LeDecoder@@UEAAPEAXI@Z 00000001800102c0 f i Encoding.obj
 0001:0000f2c0       ??_GCUTF8Decoder@@UEAAPEAXI@Z 00000001800102c0 f i Encoding.obj
 0001:0000f2f0       ?DecodeChar@CUTF8Decoder@@UEAA_KPEAE_KQEADAEA_K@Z 00000001800102f0 f i Encoding.obj
 0001:0000f310       ?DecodeString@CUTF8Decoder@@UEAA_KPEAE_KPEAD1@Z 0000000180010310 f i Encoding.obj
 0001:0000f330       ?GetEncoding@CUTF16LeDecoder@@UEAA?AW4TEXT_ENCODING@@XZ 0000000180010330 f i Encoding.obj
 0001:0000f340       ?DecodeChar@CUTF16LeDecoder@@UEAA_KPEAE_KQEADAEA_K@Z 0000000180010340 f i Encoding.obj
 0001:0000f360       ?DecodeString@CUTF16LeDecoder@@UEAA_KPEAE_KPEAD1@Z 0000000180010360 f i Encoding.obj
 0001:0000f3a0       ?GetEncoding@CUTF16BeDecoder@@UEAA?AW4TEXT_ENCODING@@XZ 00000001800103a0 f i Encoding.obj
 0001:0000f3b0       ?DecodeChar@CUTF16BeDecoder@@UEAA_KPEAE_KQEADAEA_K@Z 00000001800103b0 f i Encoding.obj
 0001:0000f420       ?DecodeString@CUTF16BeDecoder@@UEAA_KPEAE_KPEAD1@Z 0000000180010420 f i Encoding.obj
 0001:0000f500       ?DecodeChar@CAnsiDecoder@@UEAA_KPEAE_KQEADAEA_K@Z 0000000180010500 f i Encoding.obj
 0001:0000f580       ?DecodeString@CAnsiDecoder@@UEAA_KPEAE_KPEAD1@Z 0000000180010580 f i Encoding.obj
 0001:0000f5c0       ?WriteUTF8Bin@CUTF8EncStream@@QEAA_NPEBDAEA_K@Z 00000001800105c0 f   Encoding.obj
 0001:0000f5f0       ?WriteUTF8Bin@CUTF8EncStream@@QEAA_NPEBD@Z 00000001800105f0 f   Encoding.obj
 0001:0000f670       ?WriteUTF8Hex@CUTF8EncStream@@QEAA_NPEBDAEA_K@Z 0000000180010670 f   Encoding.obj
 0001:0000f740       ?WriteUTF8Hex@CUTF8EncStream@@QEAA_NPEBD@Z 0000000180010740 f   Encoding.obj
 0001:0000f810       ?WriteUTF8Bin@CUTF8EncStream@@AEAA_NK@Z 0000000180010810 f   Encoding.obj
 0001:0000f920       ?WriteUTF8Hex@CUTF8EncStream@@AEAA_NK@Z 0000000180010920 f   Encoding.obj
 0001:0000f9f0       ?Read7BitEncodedInt@@YA_KPEAEAEA_K_K@Z 00000001800109f0 f   Encoding.obj
 0001:0000fa50       ?Write7BitEncodedInt@@YA_N_KPEAEAEA_K0@Z 0000000180010a50 f   Encoding.obj
 0001:0000fab0       ?WriteBinaryString@@YA_NAEAVCUTF8EncStream@@PEBDPEAEAEA_K_K@Z 0000000180010ab0 f   Encoding.obj
 0001:0000fc20       ?WriteBinaryString@@YA_NPEBDPEAEAEA_K_K@Z 0000000180010c20 f   Encoding.obj
 0001:0000fd30       ?UTF8DecodeChar@@YA_KPEBE_KQEADAEA_K@Z 0000000180010d30 f   Encoding.obj
 0001:0000fea0       ?UTF16BeDecodeChar@@YA_KPEAE_KQEADAEA_K@Z 0000000180010ea0 f   Encoding.obj
 0001:0000ff30       ?UTF16LeDecodeChar@@YA_KPEBE_KQEADAEA_K@Z 0000000180010f30 f   Encoding.obj
 0001:0000fff0       ?AnsiDecodeChar@@YA_KPEBE_KQEADAEA_K@Z 0000000180010ff0 f   Encoding.obj
 0001:00010070       ?UTF8DecodeString@@YA_KPEBE_KPEAD1@Z 0000000180011070 f   Encoding.obj
 0001:000102f0       ?UTF16BeDecodeString@@YA_KPEAE_KPEAD1@Z 00000001800112f0 f   Encoding.obj
 0001:000103d0       ?UTF16LeDecodeString@@YA_KPEBE_KPEAD1@Z 00000001800113d0 f   Encoding.obj
 0001:00010410       ?AnsiDecodeString@@YA_KPEBE_KPEAD1@Z 0000000180011410 f   Encoding.obj
 0001:00010460       ?GetUTF8CharSize@@YA_KPEBE@Z 0000000180011460 f   Encoding.obj
 0001:000104a0       ?GetUnicodeCharSize@@YA_KPEBE@Z 00000001800114a0 f   Encoding.obj
 0001:000104f0       ?IsUnicodeLeadChar@@YA_NPEBE@Z 00000001800114f0 f   Encoding.obj
 0001:00010510       ?UTF16BeToLeChar@@YA_KPEAE_K@Z 0000000180011510 f   Encoding.obj
 0001:00010580       ?UTF16BeToLeString@@YA_KPEAE_K@Z 0000000180011580 f   Encoding.obj
 0001:00010640       ?GetCharSizeInUTF8@@YA_KPEBDAEA_K@Z 0000000180011640 f   Encoding.obj
 0001:00010690       ?GetStringSizeInUTF8@@YA_KPEBD@Z 0000000180011690 f   Encoding.obj
 0001:00010710       ?GetDecoder@CBaseDecoder@@SAPEAV1@W4TEXT_ENCODING@@@Z 0000000180011710 f   Encoding.obj
 0001:00010750       ?GetDecoder@CBaseDecoder@@SAPEAV1@PEBD@Z 0000000180011750 f   Encoding.obj
 0001:000107b0       ?CheckEncoding@CCharInputStream@@QEAA_NXZ 00000001800117b0 f   Encoding.obj
 0001:00010860       ?CheckEncoding@CCharInputStream@@QEAA_NW4TEXT_ENCODING@@@Z 0000000180011860 f   Encoding.obj
 0001:000108e0       ?ReadChar@CDecInputStream@@UEAA_KQEAD@Z 00000001800118e0 f   Encoding.obj
 0001:00010960       ?ReadPreamble@CDecInputStream@@UEAA_NAEAW4TEXT_ENCODING@@@Z 0000000180011960 f   Encoding.obj
 0001:00010a40       ?SetInputStream@CDecInputStream@@QEAAXPEAVCInputStream@@@Z 0000000180011a40 f   Encoding.obj
 0001:00010a70       ?FillBuffer@CDecInputStream@@AEAA_K_K@Z 0000000180011a70 f   Encoding.obj
 0001:00010b20       ?ReadChar@CStrInputStream@@UEAA_KQEAD@Z 0000000180011b20 f   Encoding.obj
 0001:00010c80       ??0CProcessEntry@CEnumProcess@@QEAA@XZ 0000000180011c80 f   EnumProcess.obj
 0001:00010ca0       ??0CModuleEntry@CEnumProcess@@QEAA@XZ 0000000180011ca0 f   EnumProcess.obj
 0001:00010cc0       ??0CEnumProcess@@QEAA@XZ   0000000180011cc0 f   EnumProcess.obj
 0001:00011000       ??1CEnumProcess@@QEAA@XZ   0000000180012000 f   EnumProcess.obj
 0001:00011100       ?Close@CEnumProcess@@QEAAXXZ 0000000180012100 f   EnumProcess.obj
 0001:000111c0       ?GetModuleFirst@CEnumProcess@@QEAAHKAEAUCModuleEntry@1@@Z 00000001800121c0 f   EnumProcess.obj
 0001:000113d0       ?GetModuleNext@CEnumProcess@@QEAAHKAEAUCModuleEntry@1@@Z 00000001800123d0 f   EnumProcess.obj
 0001:00011490       ?GetThreadFirst@CEnumProcess@@QEAAHKAEAUCThreadEntry@1@@Z 0000000180012490 f   EnumProcess.obj
 0001:00011580       ?GetThreadNext@CEnumProcess@@QEAAHKAEAUCThreadEntry@1@@Z 0000000180012580 f   EnumProcess.obj
 0001:00011610       ?GetCurrentProcess@CEnumProcess@@QEAAHAEAUCProcessEntry@1@@Z 0000000180012610 f   EnumProcess.obj
 0001:000116a0       ?GetProcessFirst@CEnumProcess@@QEAAHAEAUCProcessEntry@1@@Z 00000001800126a0 f   EnumProcess.obj
 0001:00011850       ?GetProcessNext@CEnumProcess@@QEAAHAEAUCProcessEntry@1@@Z 0000000180012850 f   EnumProcess.obj
 0001:00011930       ?SetMethod@CEnumProcess@@QEAAXK@Z 0000000180012930 f   EnumProcess.obj
 0001:00011950       ?FillPStructPSAPI@CEnumProcess@@AEAAHKAEAUCProcessEntry@1@@Z 0000000180012950 f   EnumProcess.obj
 0001:00011a70       ?FillMStructPSAPI@CEnumProcess@@AEAAHKPEAUHINSTANCE__@@AEAUCModuleEntry@1@@Z 0000000180012a70 f   EnumProcess.obj
 0001:00011b10       ?SetCount@?$CArray@KV?$CObjectTraits@K@@V?$CCompareTraits@K@@@@QEAAX_K@Z 0000000180012b10 f i EnumProcess.obj
 0001:00011ba0       ?SetCount@?$CArray@PEAUHINSTANCE__@@V?$CObjectTraits@PEAUHINSTANCE__@@@@V?$CCompareTraits@PEAUHINSTANCE__@@@@@@QEAAX_K@Z 0000000180012ba0 f i EnumProcess.obj
 0001:00011c30       ?Open@CFileStream@@QEAA_NPEBDKKKK@Z 0000000180012c30 f   FileStream.obj
 0001:00011cf0       ?Close@CFileStream@@UEAAXXZ 0000000180012cf0 f   FileStream.obj
 0001:00011d60       ?GetName@CFileStream@@UEBA_NPEAD_K@Z 0000000180012d60 f   FileStream.obj
 0001:00011da0       ?GetLength@CFileStream@@UEBA_KXZ 0000000180012da0 f   FileStream.obj
 0001:00011e20       ?GetPosition@CFileStream@@UEBA_KXZ 0000000180012e20 f   FileStream.obj
 0001:00011eb0       ?SetPosition@CFileStream@@UEAA_K_JH@Z 0000000180012eb0 f   FileStream.obj
 0001:00011fa0       ?ReadBytes@CFileStream@@UEAA_KPEAE_K@Z 0000000180012fa0 f   FileStream.obj
 0001:00012150       ?SetLength@CFileStream@@UEAA_K_K@Z 0000000180013150 f   FileStream.obj
 0001:000122f0       ?WriteBytes@CFileStream@@UEAA_KPEBE_K@Z 00000001800132f0 f   FileStream.obj
 0001:000124e0       ?SetBufferSize@CFileStream@@QEAAX_K@Z 00000001800134e0 f   FileStream.obj
 0001:00012530       ?InitBuffer@CFileStream@@AEAAX_K@Z 0000000180013530 f   FileStream.obj
 0001:000125b0       ?ResetFile@CFileStream@@AEAAXJ@Z 00000001800135b0 f   FileStream.obj
 0001:000125e0       ?ResetBuffer@CFileStream@@AEAAXXZ 00000001800135e0 f   FileStream.obj
 0001:00012600       ?SynchronizeBuffer@CFileStream@@AEAA_NXZ 0000000180013600 f   FileStream.obj
 0001:00012690       ?FlushBuffer@CFileStream@@AEAA_NXZ 0000000180013690 f   FileStream.obj
 0001:00012730       ?Attach@CHexView@@QEAAXPEAUHWND__@@@Z 0000000180013730 f   HexView.obj
 0001:000127e0       ?Detach@CHexView@@QEAAXXZ  00000001800137e0 f   HexView.obj
 0001:000128f0       ?SetFile@CHexView@@QEAAXPEAX@Z 00000001800138f0 f   HexView.obj
 0001:000129c0       ?ResetFile@CHexView@@QEAAXXZ 00000001800139c0 f   HexView.obj
 0001:00012a00       ?HexViewWndProc@CHexView@@CA_JPEAUHWND__@@I_K_J@Z 0000000180013a00 f   HexView.obj
 0001:00012d00       ?DrawHexView@CHexView@@AEAAXPEAUHDC__@@PEBUtagRECT@@@Z 0000000180013d00 f   HexView.obj
 0001:00013280       ?ResizeHexView@CHexView@@AEAAXH@Z 0000000180014280 f   HexView.obj
 0001:000134b0       ?ScrollHexView@CHexView@@AEAAXHH@Z 00000001800144b0 f   HexView.obj
 0001:000136b0       ?InitVars@CHexView@@AEAAXXZ 00000001800146b0 f   HexView.obj
 0001:00013700       ?LoadCache@CHexView@@AEAAXXZ 0000000180014700 f   HexView.obj
 0001:000137a0       ?CacheLine@CHexView@@AEAAXK@Z 00000001800147a0 f   HexView.obj
 0001:000138f0       ?GetTextMetricsA@CHexView@@AEAAXPEAUtagTEXTMETRICA@@@Z 00000001800148f0 f   HexView.obj
 0001:00013980       ??0CHyperLink@@QEAA@XZ     0000000180014980 f   HyperLink.obj
 0001:000139b0       ?SetLinkURL@CHyperLink@@QEAAXPEBD@Z 00000001800149b0 f   HyperLink.obj
 0001:000139e0       ?Attach@CHyperLink@@QEAAXPEAUHWND__@@@Z 00000001800149e0 f   HyperLink.obj
 0001:00013a40       ?Detach@CHyperLink@@QEAAXXZ 0000000180014a40 f   HyperLink.obj
 0001:00013aa0       ?HyperLinkWndProc@CHyperLink@@CA_JPEAUHWND__@@I_K_J@Z 0000000180014aa0 f   HyperLink.obj
 0001:000140e0       ?GetHyperLinkSize@CHyperLink@@AEBAXAEAUtagSIZE@@@Z 00000001800150e0 f   HyperLink.obj
 0001:000141c0       ?GetHyperLinkRect@CHyperLink@@AEBAXAEAUtagRECT@@@Z 00000001800151c0 f   HyperLink.obj
 0001:000142c0       ?HitTest@CHyperLink@@AEBAHAEBUtagPOINT@@@Z 00000001800152c0 f   HyperLink.obj
 0001:00014310       ?HitTest@CHyperLink@@AEBAHHH@Z 0000000180015310 f   HyperLink.obj
 0001:00014360       ?DrawHyperLink@CHyperLink@@AEBAXPEAUHDC__@@@Z 0000000180015360 f   HyperLink.obj
 0001:000144f0       ?DoAction@CHyperLink@@AEBAXXZ 00000001800154f0 f   HyperLink.obj
 0001:00014590       ?Attach@CImageView@@QEAAXPEAUHWND__@@@Z 0000000180015590 f   ImageView.obj
 0001:00014630       ?Detach@CImageView@@QEAAXXZ 0000000180015630 f   ImageView.obj
 0001:00014740       ?SetImage@CImageView@@QEAAXPEAUHBITMAP__@@@Z 0000000180015740 f   ImageView.obj
 0001:00014790       ?ResetImage@CImageView@@QEAAXXZ 0000000180015790 f   ImageView.obj
 0001:000147d0       ?FitImage@CImageView@@QEAAXXZ 00000001800157d0 f   ImageView.obj
 0001:000148f0       ?ResetSize@CImageView@@QEAAXXZ 00000001800158f0 f   ImageView.obj
 0001:00014930       ?ZoomIn@CImageView@@QEAAXXZ 0000000180015930 f   ImageView.obj
 0001:00014a40       ?ZoomOut@CImageView@@QEAAXXZ 0000000180015a40 f   ImageView.obj
 0001:00014b70       ?ImageViewWndProc@CImageView@@CA_JPEAUHWND__@@I_K_J@Z 0000000180015b70 f   ImageView.obj
 0001:000152f0       ?DrawImageView@CImageView@@AEAAXPEAUHDC__@@PEBUtagRECT@@@Z 00000001800162f0 f   ImageView.obj
 0001:00015530       ?ResizeImageView@CImageView@@AEAAXH@Z 0000000180016530 f   ImageView.obj
 0001:00015690       ?ScrollImageView@CImageView@@AEAAXHH@Z 0000000180016690 f   ImageView.obj
 0001:00015820       ?ResizeImage@CImageView@@AEAAXXZ 0000000180016820 f   ImageView.obj
 0001:00015990       ?InitVars@CImageView@@AEAAXXZ 0000000180016990 f   ImageView.obj
 0001:000159e0       ?GetBiggestClientRect@CImageView@@AEAAXPEAUtagRECT@@@Z 00000001800169e0 f   ImageView.obj
 0001:00015a60       ??0CInMemLogFile@@QEAA@K@Z 0000000180016a60 f   InMemLogFile.obj
 0001:00015ac0       ?AddToHead@CInMemLogFile@@IEAAXPEAUCLogEntry@1@@Z 0000000180016ac0 f   InMemLogFile.obj
 0001:00015be0       ?AddToTail@CInMemLogFile@@IEAAXPEAUCLogEntry@1@@Z 0000000180016be0 f   InMemLogFile.obj
 0001:00015d00       ?DeleteHead@CInMemLogFile@@IEAAXXZ 0000000180016d00 f   InMemLogFile.obj
 0001:00015d50       ?DeleteTail@CInMemLogFile@@IEAAXXZ 0000000180016d50 f   InMemLogFile.obj
 0001:00015da0       ?FreeHead@CInMemLogFile@@IEAAXXZ 0000000180016da0 f   InMemLogFile.obj
 0001:00015e80       ?FreeTail@CInMemLogFile@@IEAAXXZ 0000000180016e80 f   InMemLogFile.obj
 0001:00015f60       ?FreeEntries@CInMemLogFile@@IEAAXXZ 0000000180016f60 f   InMemLogFile.obj
 0001:00015fc0       ?ReadBytes@CInputStream@@UEAA_KPEAE_K@Z 0000000180016fc0 f   InputStream.obj
 0001:00016030       ??0LAYOUT_INFO@@QEAA@HHHHH@Z 0000000180017030 f   LayoutManager.obj
 0001:00016060       ?InitLayout@CLayoutManager@@QEAAXPEAUHWND__@@QEAULAYOUT_INFO@@H_N@Z 0000000180017060 f   LayoutManager.obj
 0001:000161e0       ?ApplyLayout@CLayoutManager@@QEAAXXZ 00000001800171e0 f   LayoutManager.obj
 0001:00016490       ??0CLogFile@@QEAA@XZ       0000000180017490 f   LogFile.obj
 0001:00016510       ?GetLogFileName@CLogFile@@QEAAPEBDXZ 0000000180017510 f   LogFile.obj
 0001:00016550       ?WriteLogEntryF@CLogFile@@QEAAHW4BUGTRAP_LOGLEVEL_tag@@W4ENTRY_MODE@1@AEAU_RTL_CRITICAL_SECTION@@PEBDZZ 0000000180017550 f   LogFile.obj
 0001:000165d0       ?WriteLogEntryV@CLogFile@@QEAAHW4BUGTRAP_LOGLEVEL_tag@@W4ENTRY_MODE@1@AEAU_RTL_CRITICAL_SECTION@@PEBDPEAD@Z 00000001800175d0 f   LogFile.obj
 0001:00016650       ?GetLogLevelPrefix@CLogFile@@KAPEBDW4BUGTRAP_LOGLEVEL_tag@@@Z 0000000180017650 f   LogFile.obj
 0001:000166a0       ?GetTimeStatistics@CLogFile@@KAXPEBU_SYSTEMTIME@@PEADK@Z 00000001800176a0 f   LogFile.obj
 0001:00016710       ?FillEntryText@CLogFile@@IEAAXW4BUGTRAP_LOGLEVEL_tag@@PEBU_SYSTEMTIME@@PEBD@Z 0000000180017710 f   LogFile.obj
 0001:000168d0       ?WriteTextToConsole@CLogFile@@IEAAXPEAX@Z 00000001800178d0 f   LogFile.obj
 0001:00016ab0       ?GetConsoleHandle@CLogFile@@IEBAPEAXXZ 0000000180017ab0 f   LogFile.obj
 0001:00016ae0       ?WriteLogEntryToConsole@CLogFile@@IEAAHW4BUGTRAP_LOGLEVEL_tag@@PEBU_SYSTEMTIME@@AEAU_RTL_CRITICAL_SECTION@@PEBD@Z 0000000180017ae0 f   LogFile.obj
 0001:00016d70       ?FormatBufferV@CLogFile@@AEAAHPEBDPEAD@Z 0000000180017d70 f   LogFile.obj
 0001:00016eb0       ?FormatBufferF@CLogFile@@AEAAHPEBDZZ 0000000180017eb0 f   LogFile.obj
 0001:00016ee0       ?SetSize@?$CDynamicBuffer@D@@QEAAHK@Z 0000000180017ee0 f i LogFile.obj
 0001:00016f60       ?LoadEntries@CLogStream@@UEAAHXZ 0000000180017f60 f   LogStream.obj
 0001:00017030       ?ClearEntries@CLogStream@@UEAAHXZ 0000000180018030 f   LogStream.obj
 0001:00017090       ?WriteLogEntry@CLogStream@@UEAAHW4BUGTRAP_LOGLEVEL_tag@@W4ENTRY_MODE@CLogFile@@AEAU_RTL_CRITICAL_SECTION@@PEBD@Z 0000000180018090 f   LogStream.obj
 0001:000171c0       ?Close@CLogStream@@UEAAXXZ 00000001800181c0 f   LogStream.obj
 0001:000171f0       ?MachineInfoDlgProc@@YA_JPEAUHWND__@@I_K_J@Z 00000001800181f0 f   MachineInfoDlg.obj
 0001:000174a0       ?MachineStateDlgProc@@YA_JPEAUHWND__@@I_K_J@Z 00000001800184a0 f   MachineStateDlg.obj
 0001:00017cd0       ?MainDlgProc@@YA_JPEAUHWND__@@I_K_J@Z 0000000180018cd0 f   MainDlg.obj
 0001:000180c0       ?MainDlg_OnSysCommand@@YAXPEAUHWND__@@IHH@Z 00000001800190c0 f   MainDlg.obj
 0001:000187a0       ??0CMemStream@@QEAA@AEBV0@@Z 00000001800197a0 f   MemStream.obj
 0001:00018910       ??4CMemStream@@QEAAAEAV0@AEBV0@@Z 0000000180019910 f   MemStream.obj
 0001:000189c0       ?SetLength@CMemStream@@UEAA_K_K@Z 00000001800199c0 f   MemStream.obj
 0001:00018a90       ?SetPosition@CMemStream@@UEAA_K_JH@Z 0000000180019a90 f   MemStream.obj
 0001:00018b40       ?WriteByte@CMemStream@@UEAA_NE@Z 0000000180019b40 f   MemStream.obj
 0001:00018c30       ?WriteByte@CMemStream@@UEAA_KE_K@Z 0000000180019c30 f   MemStream.obj
 0001:00018d20       ?WriteBytes@CMemStream@@UEAA_KPEBE_K@Z 0000000180019d20 f   MemStream.obj
 0001:00018e10       ?ReadByte@CMemStream@@UEAA_NAEAE@Z 0000000180019e10 f   MemStream.obj
 0001:00018e40       ?ReadBytes@CMemStream@@UEAA_KPEAE_K@Z 0000000180019e40 f   MemStream.obj
 0001:00018e90       ?InitBuffer@CMemStream@@AEAAXXZ 0000000180019e90 f   MemStream.obj
 0001:00018eb0       ?InitBuffer@CMemStream@@AEAAX_K@Z 0000000180019eb0 f   MemStream.obj
 0001:00018f40       ?CopyData@CMemStream@@AEAAXAEBV1@@Z 0000000180019f40 f   MemStream.obj
 0001:00018f70       ?EnsureSize@CMemStream@@AEAAX_K_N@Z 0000000180019f70 f   MemStream.obj
 0001:00019000       ?SetPositionPriv@CMemStream@@AEAAX_J_K@Z 000000018001a000 f   MemStream.obj
 0001:00019040       ?TraverseImportTables@CModuleImportTable@@AEAAXPEAUHINSTANCE__@@H_K@Z 000000018001a040 f   ModuleImportTable.obj
 0001:000193e0       ?SetAt@?$CHash@PEAUHINSTANCE__@@P6AP6AJPEAU_EXCEPTION_POINTERS@@@ZP6AJ0@Z@ZV?$CObjectTraits@PEAUHINSTANCE__@@@@V?$CObjectTraits@P6AP6AJPEAU_EXCEPTION_POINTERS@@@ZP6AJ0@Z@Z@@V?$CCompareTraits@PEAUHINSTANCE__@@@@V?$CHashTraits@PEAUHINSTANCE__@@@@@@QEAAXAEBQEAUHINSTANCE__@@AEBQ6AP6AJPEAU_EXCEPTION_POINTERS@@@ZP6AJ1@Z@Z@Z 000000018001a3e0 f i ModuleImportTable.obj
 0001:000194c0       ?WriteByte@COutputStream@@UEAA_KE_K@Z 000000018001a4c0 f   OutputStream.obj
 0001:00019530       ?WriteBytes@COutputStream@@UEAA_KPEBE_K@Z 000000018001a530 f   OutputStream.obj
 0001:000195a0       ?WriteStream@COutputStream@@UEAA_KPEAVCInputStream@@@Z 000000018001a5a0 f   OutputStream.obj
 0001:00019690       ?PreviewDlgProc@@YA_JPEAUHWND__@@I_K_J@Z 000000018001a690 f   PreviewDlg.obj
 0001:0001a610       ??0CResManager@@QEAA@PEAUHWND__@@@Z 000000018001b610 f   ResManager.obj
 0001:0001ac90       ??1CResManager@@QEAA@XZ    000000018001bc90 f   ResManager.obj
 0001:0001ad40       ?SendMailDlgProc@@YA_JPEAUHWND__@@I_K_J@Z 000000018001bd40 f   SendMailDlg.obj
 0001:0001b070       ?SimpleDlgProc@@YA_JPEAUHWND__@@I_K_J@Z 000000018001c070 f   SimpleDlg.obj
 0001:0001b220       ?SimpleDlg_OnSysCommand@@YAXPEAUHWND__@@IHH@Z 000000018001c220 f   SimpleDlg.obj
 0001:0001b520       ??0CSplitter@@QEAA@W4SPLITTER_DIRECTION@0@_N@Z 000000018001c520 f   Splitter.obj
 0001:0001b590       ?Attach@CSplitter@@QEAAXPEAUHWND__@@@Z 000000018001c590 f   Splitter.obj
 0001:0001b610       ?Detach@CSplitter@@QEAAXXZ 000000018001c610 f   Splitter.obj
 0001:0001b680       ?SetDirection@CSplitter@@QEAAXW4SPLITTER_DIRECTION@1@@Z 000000018001c680 f   Splitter.obj
 0001:0001b6d0       ?SetPanel@CSplitter@@QEAAHHPEAUHWND__@@@Z 000000018001c6d0 f   Splitter.obj
 0001:0001b790       ?UpdateLayout@CSplitter@@QEAAXXZ 000000018001c790 f   Splitter.obj
 0001:0001ba50       ?ResetSplitterPos@CSplitter@@QEAAXXZ 000000018001ca50 f   Splitter.obj
 0001:0001ba80       ?SetSplitterPos@CSplitter@@QEAAXH@Z 000000018001ca80 f   Splitter.obj
 0001:0001baf0       ?SplitterWndProc@CSplitter@@CA_JPEAUHWND__@@I_K_J@Z 000000018001caf0 f   Splitter.obj
 0001:0001be60       ?DrawSplitter@CSplitter@@AEBAXPEAUHDC__@@@Z 000000018001ce60 f   Splitter.obj
 0001:0001bf20       ?DrawSplitterBar@CSplitter@@AEBAXPEAUHDC__@@@Z 000000018001cf20 f   Splitter.obj
 0001:0001bfd0       ?DrawPanel@CSplitter@@AEBAHPEAUHDC__@@H@Z 000000018001cfd0 f   Splitter.obj
 0001:0001c120       ?HitTest@CSplitter@@AEBAHAEBUtagPOINT@@@Z 000000018001d120 f   Splitter.obj
 0001:0001c1c0       ?HitTest@CSplitter@@AEBAHHH@Z 000000018001d1c0 f   Splitter.obj
 0001:0001c260       ?GetSplitterBarRect@CSplitter@@AEBAXAEAUtagRECT@@@Z 000000018001d260 f   Splitter.obj
 0001:0001c2d0       ?CalcPanelRect@CSplitter@@AEBAHHAEAUtagRECT@@_N@Z 000000018001d2d0 f   Splitter.obj
 0001:0001c410       ?ResizeSplitter@CSplitter@@AEAAXH@Z 000000018001d410 f   Splitter.obj
 0001:0001c4d0       ?ClearSplitterPos@CSplitter@@AEAAXXZ 000000018001d4d0 f   Splitter.obj
 0001:0001c4e0       ?ClearPanels@CSplitter@@AEAAXXZ 000000018001d4e0 f   Splitter.obj
 0001:0001c500       ?CalcSplitterSize@CSplitter@@AEBAHXZ 000000018001d500 f   Splitter.obj
 0001:0001c590       ?Release@CStrHolder@@AEAAXXZ 000000018001d590 f   StrHolder.obj
 0001:0001c5c0       ?InitData@CStrHolder@@AEAAXPEBD@Z 000000018001d5c0 f   StrHolder.obj
 0001:0001c680       ?InitData@CStrHolder@@AEAAXPEB_W@Z 000000018001d680 f   StrHolder.obj
 0001:0001c780       ?InitData@CStrHolder@@AEAAXAEBV1@@Z 000000018001d780 f   StrHolder.obj
 0001:0001c7a0       ?InitData@CStrHolder@@AEAAXAEBVCStrStream@@@Z 000000018001d7a0 f   StrHolder.obj
 0001:0001c860       ?CopyData@CStrHolder@@AEAAXAEBV1@@Z 000000018001d860 f   StrHolder.obj
 0001:0001c8c0       ?Substring@CStrStream@@QEBAXAEAVCStrHolder@@_K1@Z 000000018001d8c0 f   StrStream.obj
 0001:0001c980       ?Delete@CStrStream@@QEAAX_K0@Z 000000018001d980 f   StrStream.obj
 0001:0001ca20       ?Trim@CStrStream@@QEAAXXZ  000000018001da20 f   StrStream.obj
 0001:0001ca60       ?Detach@CStrStream@@QEAAPEADXZ 000000018001da60 f   StrStream.obj
 0001:0001ca80       ?Reset@CStrStream@@QEAAXXZ 000000018001da80 f   StrStream.obj
 0001:0001caa0       ?Free@CStrStream@@QEAAXXZ  000000018001daa0 f   StrStream.obj
 0001:0001cad0       ?InitBuffer@CStrStream@@AEAAXXZ 000000018001dad0 f   StrStream.obj
 0001:0001caf0       ?InitBuffer@CStrStream@@AEAAX_K@Z 000000018001daf0 f   StrStream.obj
 0001:0001cb80       ?EnsureSize@CStrStream@@AEAAX_K_N@Z 000000018001db80 f   StrStream.obj
 0001:0001cc00       ?InitData@CStrStream@@AEAAXPEBD_K@Z 000000018001dc00 f   StrStream.obj
 0001:0001cc80       ?CopyData@CStrStream@@AEAAXPEBD_K@Z 000000018001dc80 f   StrStream.obj
 0001:0001cd60       ?AppendData@CStrStream@@AEAAXPEBD_K@Z 000000018001dd60 f   StrStream.obj
 0001:0001ce60       ?InitData@CStrStream@@AEAAXPEB_W@Z 000000018001de60 f   StrStream.obj
 0001:0001cf40       ?CopyData@CStrStream@@AEAAXPEB_W@Z 000000018001df40 f   StrStream.obj
 0001:0001d050       ?AppendData@CStrStream@@AEAAXPEB_W@Z 000000018001e050 f   StrStream.obj
 0001:0001d190       ?Insert@CStrStream@@AEAAXPEBD_K1@Z 000000018001e190 f   StrStream.obj
 0001:0001d290       ?ValidateIndex@CStrStream@@AEBAX_KAEA_K@Z 000000018001e290 f   StrStream.obj
 0001:0001d310       ??0CScreenShot@CSymEngine@@QEAA@XZ 000000018001e310 f   SymEngine.obj
 0001:0001d6e0       ?WriteScreenShot@CScreenShot@CSymEngine@@QEAAHPEBD@Z 000000018001e6e0 f   SymEngine.obj
 0001:0001d880       ??0CEngineParams@CSymEngine@@QEAA@XZ 000000018001e880 f   SymEngine.obj
 0001:0001da10       ??0CEngineParams@CSymEngine@@QEAA@PEAU_EXCEPTION_POINTERS@@W4EXCEPTION_TYPE@1@@Z 000000018001ea10 f   SymEngine.obj
 0001:0001dbc0       ?MakeScreenShot@CEngineParams@CSymEngine@@AEAAXXZ 000000018001ebc0 f   SymEngine.obj
 0001:0001dc30       ??0CStackTraceEntry@CSymEngine@@QEAA@XZ 000000018001ec30 f   SymEngine.obj
 0001:0001dc80       ??0COsInfo@CSymEngine@@QEAA@XZ 000000018001ec80 f   SymEngine.obj
 0001:0001dca0       ??0CErrorInfo@CSymEngine@@QEAA@XZ 000000018001eca0 f   SymEngine.obj
 0001:0001dd00       ??0CCpusInfo@CSymEngine@@QEAA@XZ 000000018001ed00 f   SymEngine.obj
 0001:0001dd20       ??0CCpuInfo@CSymEngine@@QEAA@XZ 000000018001ed20 f   SymEngine.obj
 0001:0001dd40       ??0CMemInfo@CSymEngine@@QEAA@XZ 000000018001ed40 f   SymEngine.obj
 0001:0001dd60       ??4CSysErrorInfo@CSymEngine@@QEAAAEAU01@AEBU01@@Z 000000018001ed60 f   SymEngine.obj
 0001:0001de10       ?CopyData@CSysErrorInfo@CSymEngine@@AEAAXAEBU12@@Z 000000018001ee10 f   SymEngine.obj
 0001:0001dea0       ??0CRegistersValues@CSymEngine@@QEAA@XZ 000000018001eea0 f   SymEngine.obj
 0001:0001df10       ?ConvertExceptionCodeToString@CSymEngine@@CAPEBDK@Z 000000018001ef10 f   SymEngine.obj
 0001:0001e170       ?SafeCopy@CSymEngine@@CAXPEAX0K@Z 000000018001f170 f   SymEngine.obj
 0001:0001e1a0       ?AddFileToArchive@CSymEngine@@CAHPEAXPEBD1@Z 000000018001f1a0 f   SymEngine.obj
 0001:0001e350       ?AdjustExceptionStackFrame@CSymEngine@@AEAAHXZ 000000018001f350 f   SymEngine.obj
 0001:0001e720       ?InitStackFrame@CSymEngine@@CAXPEAU_tagSTACKFRAME64@@PEBU_CONTEXT@@@Z 000000018001f720 f   SymEngine.obj
 0001:0001e7a0       ?GetCurrentThreadContext@CSymEngine@@CAHPEAU_CONTEXT@@@Z 000000018001f7a0 f   SymEngine.obj
 0001:0001e7c0       ?InitStackTrace@CSymEngine@@AEAAHPEAX@Z 000000018001f7c0 f   SymEngine.obj
 0001:0001e970       ?InitStackTrace@CSymEngine@@AEAAHPEAU_tagSTACKFRAME64@@@Z 000000018001f970 f   SymEngine.obj
 0001:0001ea20       ?GetWin32StackTrace@CSymEngine@@AEAAXAEAVCUTF8EncStream@@KPEAXPEBD@Z 000000018001fa20 f   SymEngine.obj
 0001:0001eb90       ?GetWin32StackTrace@CSymEngine@@AEAAXAEAVCXmlWriter@@KPEAXPEBD@Z 000000018001fb90 f   SymEngine.obj
 0001:0001edd0       ?GetErrorInfo@CSymEngine@@AEAAHAEAVCXmlWriter@@@Z 000000018001fdd0 f   SymEngine.obj
 0001:0001efd0       ?GetRegistersInfo@CSymEngine@@AEAAXAEAVCXmlWriter@@@Z 000000018001ffd0 f   SymEngine.obj
 0001:0001f1d0       ?GetSysErrorInfo@CSymEngine@@AEAAXAEAVCXmlWriter@@@Z 00000001800201d0 f   SymEngine.obj
 0001:0001f2f0       ?GetComErrorInfo@CSymEngine@@AEAAXAEAVCXmlWriter@@@Z 00000001800202f0 f   SymEngine.obj
 0001:0001f3d0       ?GetCpusInfo@CSymEngine@@AEAAXAEAVCXmlWriter@@@Z 00000001800203d0 f   SymEngine.obj
 0001:0001f560       ?GetOsInfo@CSymEngine@@AEAAXAEAVCXmlWriter@@@Z 0000000180020560 f   SymEngine.obj
 0001:0001f620       ?GetMemInfo@CSymEngine@@AEAAXAEAVCXmlWriter@@@Z 0000000180020620 f   SymEngine.obj
 0001:0001f7a0       ?GetWin32ThreadsList@CSymEngine@@AEAAXAEAVCUTF8EncStream@@PEAVCEnumProcess@@@Z 00000001800207a0 f   SymEngine.obj
 0001:0001f900       ?GetWin32ThreadsList@CSymEngine@@AEAAXAEAVCXmlWriter@@PEAVCEnumProcess@@@Z 0000000180020900 f   SymEngine.obj
 0001:0001fa60       ?GetModuleList@CSymEngine@@AEAAXAEAVCUTF8EncStream@@PEAVCEnumProcess@@AEAUCProcessEntry@3@@Z 0000000180020a60 f   SymEngine.obj
 0001:0001fdc0       ?GetModuleList@CSymEngine@@AEAAXAEAVCXmlWriter@@PEAVCEnumProcess@@AEAUCProcessEntry@3@@Z 0000000180020dc0 f   SymEngine.obj
 0001:00020070       ?GetProcessList@CSymEngine@@AEAAXAEAVCUTF8EncStream@@PEAVCEnumProcess@@@Z 0000000180021070 f   SymEngine.obj
 0001:00020450       ?GetProcessList@CSymEngine@@AEAAXAEAVCXmlWriter@@PEAVCEnumProcess@@@Z 0000000180021450 f   SymEngine.obj
 0001:00020770       ?GetOsInfo@CSymEngine@@CAXAEAUCOsInfo@1@@Z 0000000180021770 f   SymEngine.obj
 0001:000209e0       ?GetCpusInfo@CSymEngine@@CAXAEAUCCpusInfo@1@@Z 00000001800219e0 f   SymEngine.obj
 0001:00020a60       ?GetCpuInfo@CSymEngine@@CAHKAEAUCCpuInfo@1@@Z 0000000180021a60 f   SymEngine.obj
 0001:00020c70       ?GetMemInfo@CSymEngine@@CAXAEAUCMemInfo@1@@Z 0000000180021c70 f   SymEngine.obj
 0001:00020d40       ?GetSysErrorInfo@CSymEngine@@AEAAXAEAUCSysErrorInfo@1@@Z 0000000180021d40 f   SymEngine.obj
 0001:00020dd0       ?GetComErrorInfo@CSymEngine@@AEAAHAEAUCComErrorInfo@1@@Z 0000000180021dd0 f   SymEngine.obj
 0001:00020fa0       ?GetErrorInfo@CSymEngine@@AEAAHAEAUCErrorInfo@1@@Z 0000000180021fa0 f   SymEngine.obj
 0001:00021340       ?GetRegistersValues@CSymEngine@@AEAAXAEAUCRegistersValues@1@@Z 0000000180022340 f   SymEngine.obj
 0001:000215c0       ?GetFirstWin32StackTraceString@CSymEngine@@AEAAHAEAVCUTF8EncStream@@PEAX@Z 00000001800225c0 f   SymEngine.obj
 0001:00021610       ?GetNextWin32StackTraceString@CSymEngine@@AEAAHAEAVCUTF8EncStream@@@Z 0000000180022610 f   SymEngine.obj
 0001:000217c0       ?GetRegistersString@CSymEngine@@AEAAXAEAVCUTF8EncStream@@@Z 00000001800227c0 f   SymEngine.obj
 0001:000218f0       ?GetWin32ErrorString@CSymEngine@@AEAAHAEAVCUTF8EncStream@@@Z 00000001800228f0 f   SymEngine.obj
 0001:00021960       ?GetSysErrorString@CSymEngine@@AEAAXAEAVCUTF8EncStream@@@Z 0000000180022960 f   SymEngine.obj
 0001:00021a80       ?GetComErrorString@CSymEngine@@AEAAXAEAVCUTF8EncStream@@@Z 0000000180022a80 f   SymEngine.obj
 0001:00021c60       ?GetCpuString@CSymEngine@@CAXAEAVCUTF8EncStream@@@Z 0000000180022c60 f   SymEngine.obj
 0001:00021ed0       ?GetOsString@CSymEngine@@CAXAEAVCUTF8EncStream@@@Z 0000000180022ed0 f   SymEngine.obj
 0001:00021f80       ?GetMemString@CSymEngine@@CAXAEAVCUTF8EncStream@@@Z 0000000180022f80 f   SymEngine.obj
 0001:00022040       ?GetEnvironmentStrings@CSymEngine@@CAXAEAVCUTF8EncStream@@@Z 0000000180023040 f   SymEngine.obj
 0001:00022130       ?GetEnvironmentStrings@CSymEngine@@CAXAEAVCXmlWriter@@@Z 0000000180023130 f   SymEngine.obj
 0001:00022270       ?GetComputerIPs@CSymEngine@@CAXAEAVCStrStream@@@Z 0000000180023270 f   SymEngine.obj
 0001:000223c0       ?GetComputerIPs@CSymEngine@@CAXAEAVCUTF8EncStream@@@Z 00000001800233c0 f   SymEngine.obj
 0001:00022540       ?GetComputerIPs@CSymEngine@@CAXAEAVCXmlWriter@@@Z 0000000180023540 f   SymEngine.obj
 0001:00022660       ?GetDateTime@CSymEngine@@AEAAXPEADK@Z 0000000180023660 f   SymEngine.obj
 0001:000226e0       ?GetTimeStamp@CSymEngine@@AEAAXPEADK@Z 00000001800236e0 f   SymEngine.obj
 0001:00022730       ?GetErrorLog@CSymEngine@@AEAAXAEAVCUTF8EncStream@@PEAVCEnumProcess@@@Z 0000000180023730 f   SymEngine.obj
 0001:00023330       ?GetErrorLog@CSymEngine@@AEAAXAEAVCXmlWriter@@PEAVCEnumProcess@@@Z 0000000180024330 f   SymEngine.obj
 0001:00024140       ??0CSymEngine@@QEAA@AEBVCEngineParams@0@@Z 0000000180025140 f   SymEngine.obj
 0001:000246b0       ??1CSymEngine@@QEAA@XZ     00000001800256b0 f   SymEngine.obj
 0001:00024710       ?SetEngineParameters@CSymEngine@@QEAAXAEBVCEngineParams@1@@Z 0000000180025710 f   SymEngine.obj
 0001:000247f0       ?ResetEngineParameters@CSymEngine@@QEAAXXZ 00000001800257f0 f   SymEngine.obj
 0001:00024870       ?WriteReport@CSymEngine@@QEAAHPEBDPEAVCEnumProcess@@@Z 0000000180025870 f   SymEngine.obj
 0001:00024a70       ?ArchiveReportFiles@CSymEngine@@QEAAHPEBD0@Z 0000000180025a70 f   SymEngine.obj
 0001:00024c20       ?WriteReportArchive@CSymEngine@@QEAAHPEBDPEAVCEnumProcess@@@Z 0000000180025c20 f   SymEngine.obj
 0001:00024e00       ?AppendFileToReport@CSymEngine@@SAHPEBD0@Z 0000000180025e00 f   SymEngine.obj
 0001:00024e80       ?WriteReportFiles@CSymEngine@@QEAAHPEBDPEAVCEnumProcess@@@Z 0000000180025e80 f   SymEngine.obj
 0001:000251b0       ?WriteLog@CSymEngine@@QEAAHPEBDPEAVCEnumProcess@@@Z 00000001800261b0 f   SymEngine.obj
 0001:000253c0       ?WriteDump@CSymEngine@@QEAAHPEBD@Z 00000001800263c0 f   SymEngine.obj
 0001:00025500       ?GetReportFileExtension@CSymEngine@@SAPEBDXZ 0000000180026500 f   SymEngine.obj
 0001:00025540       ?GetLogFileExtension@CSymEngine@@SAPEBDXZ 0000000180026540 f   SymEngine.obj
 0001:00025570       ?GetReportFileName@CSymEngine@@QEBAXPEBDPEADK@Z 0000000180026570 f   SymEngine.obj
 0001:00025680       ?GetFirstStackTraceEntry@CSymEngine@@QEAAHAEAUCStackTraceEntry@1@PEAX@Z 0000000180026680 f   SymEngine.obj
 0001:000256d0       ?GetNextStackTraceEntry@CSymEngine@@QEAAHAEAUCStackTraceEntry@1@@Z 00000001800266d0 f   SymEngine.obj
 0001:00025a10       ?CheckStackTrace@CSymEngine@@QEAAHPEAUHINSTANCE__@@@Z 0000000180026a10 f   SymEngine.obj
 0001:00025b20       ?GetRegistersString@CSymEngine@@QEAAXPEADK@Z 0000000180026b20 f   SymEngine.obj
 0001:00025c30       ?GetWin32ErrorString@CSymEngine@@QEAAHAEAVCStrStream@@@Z 0000000180026c30 f   SymEngine.obj
 0001:00025ed0       ?GetCpuString@CSymEngine@@SAXAEAVCStrStream@@@Z 0000000180026ed0 f   SymEngine.obj
 0001:00026110       ?GetVersionString@CSymEngine@@SAHPEBDPEADK@Z 0000000180027110 f   SymEngine.obj
 0001:00026210       ?GetOsString@CSymEngine@@SAXPEADK@Z 0000000180027210 f   SymEngine.obj
 0001:000262b0       ?GetMemString@CSymEngine@@SAXPEADK@Z 00000001800272b0 f   SymEngine.obj
 0001:00026360       ?GetEnvironmentStrings@CSymEngine@@SAXAEAVCStrStream@@@Z 0000000180027360 f   SymEngine.obj
 0001:00026410       ??_DCFileStream@@QEAAXXZ   0000000180027410 f i SymEngine.obj
 0001:00026488       ??_ECFileStream@@$4PPPPPPPM@A@EAAPEAXI@Z 0000000180027488 f i SymEngine.obj
 0001:000264a0       ??_ECFileStream@@UEAAPEAXI@Z 00000001800274a0 f i SymEngine.obj
 0001:000264a0       ??_GCFileStream@@UEAAPEAXI@Z 00000001800274a0 f i SymEngine.obj
 0001:000264dc       ?Close@CFileStream@@$4PPPPPPPM@A@EAAXXZ 00000001800274dc f i SymEngine.obj
 0001:000264e8       ?GetFeatures@CFileStream@@$4PPPPPPPM@A@EBAIXZ 00000001800274e8 f i SymEngine.obj
 0001:00026500       ?GetFeatures@CFileStream@@UEBAIXZ 0000000180027500 f i SymEngine.obj
 0001:00026508       ?GetLastError@CFileStream@@$4PPPPPPPM@A@EBAJXZ 0000000180027508 f i SymEngine.obj
 0001:00026520       ?GetLastError@CFileStream@@UEBAJXZ 0000000180027520 f i SymEngine.obj
 0001:00026524       ?GetLength@CFileStream@@$4PPPPPPPM@A@EBA_KXZ 0000000180027524 f i SymEngine.obj
 0001:00026530       ?GetName@CFileStream@@$4PPPPPPPM@A@EBA_NPEAD_K@Z 0000000180027530 f i SymEngine.obj
 0001:0002653c       ?GetPosition@CFileStream@@$4PPPPPPPM@A@EBA_KXZ 000000018002753c f i SymEngine.obj
 0001:00026550       ?IsEndOfStream@CFileStream@@UEBA_NXZ 0000000180027550 f i SymEngine.obj
 0001:00026578       ?IsOpen@CFileStream@@$4PPPPPPPM@A@EBA_NXZ 0000000180027578 f i SymEngine.obj
 0001:00026590       ?IsOpen@CFileStream@@UEBA_NXZ 0000000180027590 f i SymEngine.obj
 0001:000265a0       ?ReadByte@CFileStream@@UEAA_NAEAE@Z 00000001800275a0 f i SymEngine.obj
 0001:000265c0       ?ReadProcessMemoryProc64@CSymEngine@@CAHPEAX_K0KPEAK@Z 00000001800275c0 f i SymEngine.obj
 0001:00026618       ?SetPosition@CFileStream@@$4PPPPPPPM@A@EAA_K_JH@Z 0000000180027618 f i SymEngine.obj
 0001:00026630       ?WriteByte@CFileStream@@UEAA_NE@Z 0000000180027630 f i SymEngine.obj
 0001:00026660       ?DetectFileFormat@@YAKPEBDPEAXAEAHAEAW4TEXT_ENCODING@@@Z 0000000180027660 f   TextFormat.obj
 0001:00026a10       ?LoadEntries@CTextLogFile@@UEAAHXZ 0000000180027a10 f   TextLogFile.obj
 0001:00026da0       ?SaveEntries@CTextLogFile@@UEAAHH@Z 0000000180027da0 f   TextLogFile.obj
 0001:00026e80       ?WriteLogEntry@CTextLogFile@@UEAAHW4BUGTRAP_LOGLEVEL_tag@@W4ENTRY_MODE@CLogFile@@AEAU_RTL_CRITICAL_SECTION@@PEBD@Z 0000000180027e80 f   TextLogFile.obj
 0001:00027020       ?AllocLogEntry@CTextLogFile@@AEAAPEAUCTextLogEntry@1@PEBEKH@Z 0000000180028020 f   TextLogFile.obj
 0001:000270b0       ?AddToHead@CTextLogFile@@AEAAHH@Z 00000001800280b0 f   TextLogFile.obj
 0001:00027140       ?AddToTail@CTextLogFile@@AEAAHH@Z 0000000180028140 f   TextLogFile.obj
 0001:000271d0       ?AddToHead@CTextLogFile@@AEAAHPEBEKH@Z 00000001800281d0 f   TextLogFile.obj
 0001:00027210       ?AddToTail@CTextLogFile@@AEAAHPEBEKH@Z 0000000180028210 f   TextLogFile.obj
 0001:00027240       ?Attach@CTextView@@QEAAXPEAUHWND__@@@Z 0000000180028240 f   TextView.obj
 0001:000272f0       ?Detach@CTextView@@QEAAXXZ 00000001800282f0 f   TextView.obj
 0001:00027420       ?SetFile@CTextView@@QEAAXPEAXW4TEXT_ENCODING@@K@Z 0000000180028420 f   TextView.obj
 0001:000274a0       ?ResetFile@CTextView@@QEAAXXZ 00000001800284a0 f   TextView.obj
 0001:00027510       ?TextViewWndProc@CTextView@@CA_JPEAUHWND__@@I_K_J@Z 0000000180028510 f   TextView.obj
 0001:00027810       ?DrawTextView@CTextView@@AEAAXPEAUHDC__@@PEBUtagRECT@@@Z 0000000180028810 f   TextView.obj
 0001:00027c00       ?ResizeTextView@CTextView@@AEAAXH@Z 0000000180028c00 f   TextView.obj
 0001:00027e20       ?ScrollTextView@CTextView@@AEAAXHH@Z 0000000180028e20 f   TextView.obj
 0001:00028020       ?InitVars@CTextView@@AEAAXXZ 0000000180029020 f   TextView.obj
 0001:000280a0       ?CountLines@CTextView@@AEAAXXZ 00000001800290a0 f   TextView.obj
 0001:000284f0       ?LoadCache@CTextView@@AEAAXXZ 00000001800294f0 f   TextView.obj
 0001:00028810       ?CacheLine@CTextView@@AEAAHKPEAUHDC__@@AEBUtagTEXTMETRICA@@@Z 0000000180029810 f   TextView.obj
 0001:00028db0       ?GetTextMetricsA@CTextView@@AEAAXPEAUtagTEXTMETRICA@@@Z 0000000180029db0 f   TextView.obj
 0001:00028e40       ??0CThemeXP@@QEAA@PEAX@Z   0000000180029e40 f   ThemeXP.obj
 0001:00028eb0       ??0CThemeXP@@QEAA@PEAUHWND__@@PEB_W@Z 0000000180029eb0 f   ThemeXP.obj
 0001:00028f80       ??1CThemeXP@@QEAA@XZ       0000000180029f80 f   ThemeXP.obj
 0001:00029040       ?Attach@CThemeXP@@QEAAHPEAX@Z 000000018002a040 f   ThemeXP.obj
 0001:00029070       ?Detach@CThemeXP@@QEAAPEAXXZ 000000018002a070 f   ThemeXP.obj
 0001:00029090       ?LoadThemeDll@CThemeXP@@SAHXZ 000000018002a090 f   ThemeXP.obj
 0001:000290d0       ?UnloadThemeDll@CThemeXP@@SAXXZ 000000018002a0d0 f   ThemeXP.obj
 0001:00029110       ?GetThemeProcAddress@CThemeXP@@CAXPEBDAEAP6A_JXZP6A_JXZ@Z 000000018002a110 f   ThemeXP.obj
 0001:00029160       ?TransferProgressDlgProc@@YA_JPEAUHWND__@@I_K_J@Z 000000018002a160 f   TransferProgressDlg.obj
 0001:000298e0       ?EndWait@CWaitCursor@@QEAAXXZ 000000018002a8e0 f   WaitCursor.obj
 0001:00029910       ??0CWaitDialog@@QEAA@PEAUHWND__@@@Z 000000018002a910 f   WaitDlg.obj
 0001:00029960       ?BeginWait@CWaitDialog@@QEAAHPEAUHWND__@@@Z 000000018002a960 f   WaitDlg.obj
 0001:000299b0       ?EndWait@CWaitDialog@@QEAAXXZ 000000018002a9b0 f   WaitDlg.obj
 0001:00029a20       ?InitVars@CWaitDialog@@AEAAXXZ 000000018002aa20 f   WaitDlg.obj
 0001:00029a40       ?WaitThreadProc@CWaitDialog@@CAIPEAX@Z 000000018002aa40 f   WaitDlg.obj
 0001:00029b10       ?WaitDlgProc@CWaitDialog@@CA_JPEAUHWND__@@I_K_J@Z 000000018002ab10 f   WaitDlg.obj
 0001:00029bd0       ?WaitDlg_OnInitDialog@CWaitDialog@@CAHPEAUHWND__@@0_J@Z 000000018002abd0 f   WaitDlg.obj
 0001:00029c20       ?WaitDlg_OnNCHitTest@CWaitDialog@@CAIPEAUHWND__@@HH@Z 000000018002ac20 f   WaitDlg.obj
 0001:00029c50       ?WaitDlg_OnCommand@CWaitDialog@@CAXPEAUHWND__@@H0I@Z 000000018002ac50 f   WaitDlg.obj
 0001:00029c80       ?WaitDlg_OnDestroy@CWaitDialog@@CAXPEAUHWND__@@@Z 000000018002ac80 f   WaitDlg.obj
 0001:00029ca0       ?LoadEntries@CXmlLogFile@@UEAAHXZ 000000018002aca0 f   XmlLogFile.obj
 0001:0002a270       ?SaveEntries@CXmlLogFile@@UEAAHH@Z 000000018002b270 f   XmlLogFile.obj
 0001:0002a520       ?WriteLogEntry@CXmlLogFile@@UEAAHW4BUGTRAP_LOGLEVEL_tag@@W4ENTRY_MODE@CLogFile@@AEAU_RTL_CRITICAL_SECTION@@PEBD@Z 000000018002b520 f   XmlLogFile.obj
 0001:0002a640       ??0CStrLogRecord@CXmlLogFile@@QEAA@XZ 000000018002b640 f   XmlLogFile.obj
 0001:0002a690       ?Reset@CStrLogRecord@CXmlLogFile@@UEAAXXZ 000000018002b690 f   XmlLogFile.obj
 0001:0002a6c0       ?Reset@CPtrLogRecord@CXmlLogFile@@UEAAXXZ 000000018002b6c0 f   XmlLogFile.obj
 0001:0002a6e0       ?AllocLogEntry@CXmlLogFile@@AEAAPEAUCXmlLogEntry@1@AEBVCBaseLogRecord@1@@Z 000000018002b6e0 f   XmlLogFile.obj
 0001:0002a810       ?AddToHead@CXmlLogFile@@AEAAHAEBVCBaseLogRecord@1@@Z 000000018002b810 f   XmlLogFile.obj
 0001:0002a850       ?AddToTail@CXmlLogFile@@AEAAHAEBVCBaseLogRecord@1@@Z 000000018002b850 f   XmlLogFile.obj
 0001:0002a880       ??0?$CHash@VCStrStream@@V1@V?$CObjectTraits@VCStrStream@@@@V2@V?$CCompareTraits@VCStrStream@@@@V?$CHashTraits@VCStrStream@@@@@@QEAA@_K@Z 000000018002b880 f i XmlLogFile.obj
 0001:0002a970       ??0CFileStream@@QEAA@_K@Z  000000018002b970 f i XmlLogFile.obj
 0001:0002aa70       ??1?$CArray@VCStrHolder@@V?$CObjectTraits@VCStrHolder@@@@V?$CCompareTraits@VCStrHolder@@@@@@QEAA@XZ 000000018002ba70 f i XmlLogFile.obj
 0001:0002aad0       ??1?$CHash@VCStrStream@@V1@V?$CObjectTraits@VCStrStream@@@@V2@V?$CCompareTraits@VCStrStream@@@@V?$CHashTraits@VCStrStream@@@@@@QEAA@XZ 000000018002bad0 f i XmlLogFile.obj
 0001:0002ab90       ??_ECBaseLogRecord@CXmlLogFile@@UEAAPEAXI@Z 000000018002bb90 f i XmlLogFile.obj
 0001:0002ab90       ??_GCBaseLogRecord@CXmlLogFile@@UEAAPEAXI@Z 000000018002bb90 f i XmlLogFile.obj
 0001:0002abc0       ??_ECCharInputStream@@UEAAPEAXI@Z 000000018002bbc0 f i XmlLogFile.obj
 0001:0002abc0       ??_GCCharInputStream@@UEAAPEAXI@Z 000000018002bbc0 f i XmlLogFile.obj
 0001:0002abf0       ??_ECPtrLogRecord@CXmlLogFile@@UEAAPEAXI@Z 000000018002bbf0 f i XmlLogFile.obj
 0001:0002abf0       ??_GCPtrLogRecord@CXmlLogFile@@UEAAPEAXI@Z 000000018002bbf0 f i XmlLogFile.obj
 0001:0002ac20       ??_ECStrLogRecord@CXmlLogFile@@UEAAPEAXI@Z 000000018002bc20 f i XmlLogFile.obj
 0001:0002ac20       ??_GCStrLogRecord@CXmlLogFile@@UEAAPEAXI@Z 000000018002bc20 f i XmlLogFile.obj
 0001:0002ac80       ?DeleteAll@?$CHash@VCStrStream@@V1@V?$CObjectTraits@VCStrStream@@@@V2@V?$CCompareTraits@VCStrStream@@@@V?$CHashTraits@VCStrStream@@@@@@QEAAX_N@Z 000000018002bc80 f i XmlLogFile.obj
 0001:0002ada0       ?GetEntryText@CPtrLogRecord@CXmlLogFile@@UEBAPEBDXZ 000000018002bda0 f i XmlLogFile.obj
 0001:0002adb0       ?GetEntryText@CStrLogRecord@CXmlLogFile@@UEBAPEBDXZ 000000018002bdb0 f i XmlLogFile.obj
 0001:0002add0       ?GetEntryTextLength@CPtrLogRecord@CXmlLogFile@@UEBAKXZ 000000018002bdd0 f i XmlLogFile.obj
 0001:0002adf0       ?GetEntryTextLength@CStrLogRecord@CXmlLogFile@@UEBAKXZ 000000018002bdf0 f i XmlLogFile.obj
 0001:0002ae00       ?GetLogLevel@CPtrLogRecord@CXmlLogFile@@UEBAPEBDXZ 000000018002be00 f i XmlLogFile.obj
 0001:0002ae10       ?GetLogLevel@CStrLogRecord@CXmlLogFile@@UEBAPEBDXZ 000000018002be10 f i XmlLogFile.obj
 0001:0002ae30       ?GetLogLevelLength@CPtrLogRecord@CXmlLogFile@@UEBAKXZ 000000018002be30 f i XmlLogFile.obj
 0001:0002ae50       ?GetLogLevelLength@CStrLogRecord@CXmlLogFile@@UEBAKXZ 000000018002be50 f i XmlLogFile.obj
 0001:0002ae60       ?GetDecoder@CDecInputStream@@UEBAPEAVCBaseDecoder@@XZ 000000018002be60 f i XmlReader.obj
 0001:0002ae60       ?GetTimeStatistics@CPtrLogRecord@CXmlLogFile@@UEBAPEBDXZ 000000018002be60 f i XmlLogFile.obj
 0001:0002ae70       ?GetTimeStatistics@CStrLogRecord@CXmlLogFile@@UEBAPEBDXZ 000000018002be70 f i XmlLogFile.obj
 0001:0002ae90       ?GetTimeStatisticsLength@CPtrLogRecord@CXmlLogFile@@UEBAKXZ 000000018002be90 f i XmlLogFile.obj
 0001:0002aeb0       ?GetTimeStatisticsLength@CStrLogRecord@CXmlLogFile@@UEBAKXZ 000000018002beb0 f i XmlLogFile.obj
 0001:0002aec0       ?ReadPreamble@CCharInputStream@@UEAA_NAEAW4TEXT_ENCODING@@@Z 000000018002bec0 f i XmlLogFile.obj
 0001:0002aec0       ?SetDecoder@CCharInputStream@@UEAA_NPEAVCBaseDecoder@@@Z 000000018002bec0 f i XmlLogFile.obj
 0001:0002aed0       ?SetEntryText@CPtrLogRecord@CXmlLogFile@@UEAAXPEBD@Z 000000018002bed0 f i XmlLogFile.obj
 0001:0002aee0       ?SetEntryText@CStrLogRecord@CXmlLogFile@@UEAAXPEBD@Z 000000018002bee0 f i XmlLogFile.obj
 0001:0002af10       ?SetLogLevel@CPtrLogRecord@CXmlLogFile@@UEAAXPEBD@Z 000000018002bf10 f i XmlLogFile.obj
 0001:0002af20       ?SetLogLevel@CStrLogRecord@CXmlLogFile@@UEAAXPEBD@Z 000000018002bf20 f i XmlLogFile.obj
 0001:0002af50       ?SetTimeStatistics@CPtrLogRecord@CXmlLogFile@@UEAAXPEBD@Z 000000018002bf50 f i XmlLogFile.obj
 0001:0002af60       ?SetTimeStatistics@CStrLogRecord@CXmlLogFile@@UEAAXPEBD@Z 000000018002bf60 f i XmlLogFile.obj
 0001:0002af90       ?CaselessGetAt@CAttributesList@CXmlReader@@AEBAPEBDPEBD@Z 000000018002bf90 f   XmlReader.obj
 0001:0002b070       ?Reset@CXmlNode@CXmlReader@@QEAAXXZ 000000018002c070 f   XmlReader.obj
 0001:0002b120       ??0CXmlReader@@QEAA@XZ     000000018002c120 f   XmlReader.obj
 0001:0002b220       ??0CXmlReader@@QEAA@PEBD@Z 000000018002c220 f   XmlReader.obj
 0001:0002b390       ??0CXmlReader@@QEAA@PEAVCInputStream@@@Z 000000018002c390 f   XmlReader.obj
 0001:0002b4e0       ?Open@CXmlReader@@QEAA_NPEBD@Z 000000018002c4e0 f   XmlReader.obj
 0001:0002b580       ?Close@CXmlReader@@QEAAXXZ 000000018002c580 f   XmlReader.obj
 0001:0002b700       ?SetInputStream@CXmlReader@@QEAAXPEAVCInputStream@@@Z 000000018002c700 f   XmlReader.obj
 0001:0002b770       ?GotoNextElement@CXmlReader@@QEAAHAEAVCXmlNode@1@K@Z 000000018002c770 f   XmlReader.obj
 0001:0002b860       ?GotoNextElementEnd@CXmlReader@@QEAAHAEAVCXmlNode@1@K@Z 000000018002c860 f   XmlReader.obj
 0001:0002b950       ?GotoNextElement@CXmlReader@@QEAAHPEBDAEAVCXmlNode@1@K@Z 000000018002c950 f   XmlReader.obj
 0001:0002ba80       ?GotoElement@CXmlReader@@QEAAHPEBDAEAVCXmlNode@1@K@Z 000000018002ca80 f   XmlReader.obj
 0001:0002bd60       ?GotoText@CXmlReader@@QEAAHAEAVCXmlNode@1@K@Z 000000018002cd60 f   XmlReader.obj
 0001:0002be50       ?InitStdEntities@CXmlReader@@SAXXZ 000000018002ce50 f   XmlReader.obj
 0001:0002bf30       ?Init@CXmlReader@@AEAAXXZ  000000018002cf30 f   XmlReader.obj
 0001:0002c050       ?ReleaseInputStream@CXmlReader@@AEAAXXZ 000000018002d050 f   XmlReader.obj
 0001:0002c0d0       ?SetInputStream@CXmlInputStream@CXmlReader@@QEAAXPEAVCCharInputStream@@@Z 000000018002d0d0 f   XmlReader.obj
 0001:0002c0f0       ?ReadChar@CXmlInputStream@CXmlReader@@QEAA_KQEAD@Z 000000018002d0f0 f   XmlReader.obj
 0001:0002c1b0       ?PrepareBackBuffer@CXmlInputStream@CXmlReader@@QEAAX_K@Z 000000018002d1b0 f   XmlReader.obj
 0001:0002c270       ?InitBackBuffer@CXmlInputStream@CXmlReader@@AEAAXXZ 000000018002d270 f   XmlReader.obj
 0001:0002c2d0       ?ReadCharFromBackBuffer@CXmlInputStream@CXmlReader@@AEAA_NAEAD@Z 000000018002d2d0 f   XmlReader.obj
 0001:0002c310       ??0CXmlSearchParams@CXmlReader@@QEAA@XZ 000000018002d310 f   XmlReader.obj
 0001:0002c360       ??0CXmlSearchParams@CXmlReader@@QEAA@PEBDP8CXmlParser@1@EAA?AW4XML_RESULT@1@AEAVCXmlNode@1@PEAX@ZK@Z 000000018002d360 f   XmlReader.obj
 0001:0002c390       ?SetSearchTable@CXmlSearchTable@CXmlReader@@QEAAXQEAUCXmlSearchParams@2@_K@Z 000000018002d390 f   XmlReader.obj
 0001:0002c3e0       ??0CXmlParser@CXmlReader@@QEAA@W4PARSER_TYPE@01@AEAV1@AEAVCXmlInputStream@1@@Z 000000018002d3e0 f   XmlReader.obj
 0001:0002c8e0       ?CreateInputStream@CXmlParser@CXmlReader@@QEAAPEAVCInputStream@@PEBD@Z 000000018002d8e0 f   XmlReader.obj
 0001:0002cb50       ?ReadDtdNodes@CXmlParser@CXmlReader@@QEAA?AW4XML_RESULT@2@_N@Z 000000018002db50 f   XmlReader.obj
 0001:0002cd00       ?ApplyContentFilter@CXmlParser@CXmlReader@@QEAAXXZ 000000018002dd00 f   XmlReader.obj
 0001:0002cd30       ?ReadChar@CXmlParser@CXmlReader@@AEAA_KQEAD_N@Z 000000018002dd30 f   XmlReader.obj
 0001:0002ce20       ?ReadNonSpaceChar@CXmlParser@CXmlReader@@AEAA_KQEAD@Z 000000018002de20 f   XmlReader.obj
 0001:0002cf50       ?GetEntityChar@CXmlParser@CXmlReader@@AEBADXZ 000000018002df50 f   XmlReader.obj
 0001:0002cf80       ?GetEntities@CXmlParser@CXmlReader@@AEBAPEBV?$CHash@VCStrStream@@V1@V?$CObjectTraits@VCStrStream@@@@V2@V?$CCompareTraits@VCStrStream@@@@V?$CHashTraits@VCStrStream@@@@@@XZ 000000018002df80 f   XmlReader.obj
 0001:0002cfb0       ?GetEntities@CXmlParser@CXmlReader@@AEAAPEAV?$CHash@VCStrStream@@V1@V?$CObjectTraits@VCStrStream@@@@V2@V?$CCompareTraits@VCStrStream@@@@V?$CHashTraits@VCStrStream@@@@@@XZ 000000018002dfb0 f   XmlReader.obj
 0001:0002cfe0       ?SkipSpaces@CXmlParser@CXmlReader@@AEAA?AW4XML_RESULT@2@_N@Z 000000018002dfe0 f   XmlReader.obj
 0001:0002d1a0       ?ReadUntilEx@CXmlParser@CXmlReader@@AEAA?AW4XML_RESULT@2@PEAVCStrStream@@PEBD@Z 000000018002e1a0 f   XmlReader.obj
 0001:0002d370       ?ReadDecNumber@CXmlParser@CXmlReader@@AEAA?AW4XML_RESULT@2@AEAK@Z 000000018002e370 f   XmlReader.obj
 0001:0002d500       ?ReadHexNumber@CXmlParser@CXmlReader@@AEAA?AW4XML_RESULT@2@AEAK@Z 000000018002e500 f   XmlReader.obj
 0001:0002d6c0       ?ReadNameEx@CXmlParser@CXmlReader@@AEAA?AW4XML_RESULT@2@PEAVCStrStream@@@Z 000000018002e6c0 f   XmlReader.obj
 0001:0002d930       ?ReadStringEx@CXmlParser@CXmlReader@@AEAA?AW4XML_RESULT@2@PEAVCStrStream@@@Z 000000018002e930 f   XmlReader.obj
 0001:0002d9f0       ?ReadNumericEntity@CXmlParser@CXmlReader@@AEAA?AW4XML_RESULT@2@AEA_K@Z 000000018002e9f0 f   XmlReader.obj
 0001:0002db60       ?ReadNamedEntity@CXmlParser@CXmlReader@@AEAA?AW4XML_RESULT@2@AEA_K@Z 000000018002eb60 f   XmlReader.obj
 0001:0002dd80       ?ReadEntity@CXmlParser@CXmlReader@@AEAA?AW4XML_RESULT@2@AEA_K@Z 000000018002ed80 f   XmlReader.obj
 0001:0002dfb0       ?ReadTextEx@CXmlParser@CXmlReader@@AEAA?AW4XML_RESULT@2@PEAVCStrStream@@PEBD_N@Z 000000018002efb0 f   XmlReader.obj
 0001:0002e320       ?ProcessNode@CXmlParser@CXmlReader@@AEAA?AW4XML_RESULT@2@AEAVCXmlNode@2@AEAUCXmlSearchTable@2@PEAX@Z 000000018002f320 f   XmlReader.obj
 0001:0002e730       ?ReadNextNode@CXmlParser@CXmlReader@@AEAA?AW4XML_RESULT@2@AEAVCXmlNode@2@AEAUCXmlSearchTable@2@PEAX@Z 000000018002f730 f   XmlReader.obj
 0001:0002e7f0       ?InvalidTokenHandler@CXmlParser@CXmlReader@@AEAA?AW4XML_RESULT@2@AEAVCXmlNode@2@PEAX@Z 000000018002f7f0 f   XmlReader.obj
 0001:0002e810       ?XmlTextHandler@CXmlParser@CXmlReader@@AEAA?AW4XML_RESULT@2@AEAVCXmlNode@2@PEAX@Z 000000018002f810 f   XmlReader.obj
 0001:0002e840       ?DtdTextHandler@CXmlParser@CXmlReader@@AEAA?AW4XML_RESULT@2@AEAVCXmlNode@2@PEAX@Z 000000018002f840 f   XmlReader.obj
 0001:0002e860       ?CommentHandler@CXmlParser@CXmlReader@@AEAA?AW4XML_RESULT@2@AEAVCXmlNode@2@PEAX@Z 000000018002f860 f   XmlReader.obj
 0001:0002e920       ?TagHandler@CXmlParser@CXmlReader@@AEAA?AW4XML_RESULT@2@AEAVCXmlNode@2@W4TAG_TYPE@2@@Z 000000018002f920 f   XmlReader.obj
 0001:0002ee80       ?XmlCDataHandler@CXmlParser@CXmlReader@@AEAA?AW4XML_RESULT@2@AEAVCXmlNode@2@PEAX@Z 000000018002fe80 f   XmlReader.obj
 0001:0002ef10       ?DocTypeHandler@CXmlParser@CXmlReader@@AEAA?AW4XML_RESULT@2@AEAVCXmlNode@2@PEAX@Z 000000018002ff10 f   XmlReader.obj
 0001:0002f260       ?DtdEntityHandler@CXmlParser@CXmlReader@@AEAA?AW4XML_RESULT@2@AEAVCXmlNode@2@PEAX@Z 0000000180030260 f   XmlReader.obj
 0001:0002f700       ?DtdCondtionHandler@CXmlParser@CXmlReader@@AEAA?AW4XML_RESULT@2@AEAVCXmlNode@2@PEAX@Z 0000000180030700 f   XmlReader.obj
 0001:0002f930       ?DtdCondtionEndHandler@CXmlParser@CXmlReader@@AEAA?AW4XML_RESULT@2@AEAVCXmlNode@2@PEAX@Z 0000000180030930 f   XmlReader.obj
 0001:0002f970       ?DtdEndHandler@CXmlParser@CXmlReader@@AEAA?AW4XML_RESULT@2@AEAVCXmlNode@2@PEAX@Z 0000000180030970 f   XmlReader.obj
 0001:0002f9a0       ?ReadExternalName@CXmlParser@CXmlReader@@AEAA?AW4XML_RESULT@2@AEAVCStrStream@@@Z 00000001800309a0 f   XmlReader.obj
 0001:0002faa0       ?DtdDeclarationHandler@CXmlParser@CXmlReader@@AEAA?AW4XML_RESULT@2@AEAVCXmlNode@2@PEAX@Z 0000000180030aa0 f   XmlReader.obj
 0001:0002fb00       ??_ECDecInputStream@@UEAAPEAXI@Z 0000000180030b00 f i XmlReader.obj
 0001:0002fb00       ??_GCDecInputStream@@UEAAPEAXI@Z 0000000180030b00 f i XmlReader.obj
 0001:0002fb30       ?DeleteItem@?$CArray@VCStrHolder@@V?$CObjectTraits@VCStrHolder@@@@V?$CCompareTraits@VCStrHolder@@@@@@QEAAX_K@Z 0000000180030b30 f i XmlReader.obj
 0001:0002fb90       ?GetAt@?$CHash@VCStrStream@@V1@V?$CObjectTraits@VCStrStream@@@@V2@V?$CCompareTraits@VCStrStream@@@@V?$CHashTraits@VCStrStream@@@@@@QEAAAEAVCStrStream@@AEBV2@@Z 0000000180030b90 f i XmlReader.obj
 0001:0002fcc0       ?GetName@CDecInputStream@@UEBA_NPEAD_K@Z 0000000180030cc0 f i XmlReader.obj
 0001:0002fce0       ?ProcInstrHandler@CXmlParser@CXmlReader@@AEAA?AW4XML_RESULT@2@AEAVCXmlNode@2@PEAX@Z 0000000180030ce0 f i XmlReader.obj
[...]
 0002:0000b19e       $N00009                    000000018003f19e     BugTrap.exp
 0002:0000b1aa       $N00010                    000000018003f1aa     BugTrap.exp
 0002:0000b1bb       $N00011                    000000018003f1bb     BugTrap.exp
 0002:0000b1cb       $N00012                    000000018003f1cb     BugTrap.exp
 0002:0000b1d8       $N00013                    000000018003f1d8     BugTrap.exp
 0002:0000b1e9       $N00014                    000000018003f1e9     BugTrap.exp
 0002:0000b1fe       $N00015                    000000018003f1fe     BugTrap.exp
 0002:0000b20e       $N00016                    000000018003f20e     BugTrap.exp
 0002:0000b221       $N00017                    000000018003f221     BugTrap.exp
 0002:0000b22f       $N00018                    000000018003f22f     BugTrap.exp
 0002:0000b240       $N00019                    000000018003f240     BugTrap.exp
 0002:0000b254       $N00020                    000000018003f254     BugTrap.exp
 0002:0000b263       $N00021                    000000018003f263     BugTrap.exp
 0002:0000b272       $N00022                    000000018003f272     BugTrap.exp
 0002:0000b27e       $N00023                    000000018003f27e     BugTrap.exp
 0002:0000b290       $N00024                    000000018003f290     BugTrap.exp
 0002:0000b2a3       $N00025                    000000018003f2a3     BugTrap.exp
 0002:0000b2b5       $N00026                    000000018003f2b5     BugTrap.exp
 0002:0000b2c9       $N00027                    000000018003f2c9     BugTrap.exp
 0002:0000b2d8       $N00028                    000000018003f2d8     BugTrap.exp
 0002:0000b2e7       $N00029                    000000018003f2e7     BugTrap.exp
 0002:0000b2fc       $N00030                    000000018003f2fc     BugTrap.exp
 0002:0000b313       $N00031                    000000018003f313     BugTrap.exp
 0002:0000b325       $N00032                    000000018003f325     BugTrap.exp
 0002:0000b332       $N00033                    000000018003f332     BugTrap.exp
 0002:0000b34a       $N00034                    000000018003f34a     BugTrap.exp
 0002:0000b35f       $N00035                    000000018003f35f     BugTrap.exp
 0002:0000b373       $N00036                    000000018003f373     BugTrap.exp
 0002:0000b388       $N00037                    000000018003f388     BugTrap.exp
 0002:0000b39b       $N00038                    000000018003f39b     BugTrap.exp
 0002:0000b3ae       $N00039                    000000018003f3ae     BugTrap.exp
 0002:0000b3c0       $N00040                    000000018003f3c0     BugTrap.exp
 0002:0000b3d2       $N00041                    000000018003f3d2     BugTrap.exp
 0002:0000b3e3       $N00042                    000000018003f3e3     BugTrap.exp
 0002:0000b3f5       $N00043                    000000018003f3f5     BugTrap.exp
 0002:0000b404       $N00044                    000000018003f404     BugTrap.exp
 0002:0000b414       $N00045                    000000018003f414     BugTrap.exp
 0002:0000b424       $N00046                    000000018003f424     BugTrap.exp
 0002:0000b438       $N00047                    000000018003f438     BugTrap.exp
 0002:0000b449       $N00048                    000000018003f449     BugTrap.exp
 0002:0000b459       $N00049                    000000018003f459     BugTrap.exp
 0002:0000b46b       $N00050                    000000018003f46b     BugTrap.exp
 0002:0000b478       $N00051                    000000018003f478     BugTrap.exp
 0002:0000b487       $N00052                    000000018003f487     BugTrap.exp
 0002:0000b49a       $N00053                    000000018003f49a     BugTrap.exp
 0002:0000b4aa       $N00054                    000000018003f4aa     BugTrap.exp
 0002:0000b4bc       $N00055                    000000018003f4bc     BugTrap.exp
 0002:0000b4c9       $N00056                    000000018003f4c9     BugTrap.exp
 0002:0000b4d9       $N00057                    000000018003f4d9     BugTrap.exp
 0002:0000b4eb       $N00058                    000000018003f4eb     BugTrap.exp
 0002:0000b4fe       $N00059                    000000018003f4fe     BugTrap.exp
 0002:0000b50c       $N00060                    000000018003f50c     BugTrap.exp
 0002:0000b51d       $N00061                    000000018003f51d     BugTrap.exp
 0002:0000b531       $N00062                    000000018003f531     BugTrap.exp
 0002:0000b540       $N00063                    000000018003f540     BugTrap.exp
 0002:0000b54f       $N00064                    000000018003f54f     BugTrap.exp
 0002:0000b55b       $N00065                    000000018003f55b     BugTrap.exp
 0002:0000b56d       $N00066                    000000018003f56d     BugTrap.exp
 0002:0000b57c       $N00067                    000000018003f57c     BugTrap.exp
 0002:0000b58b       $N00068                    000000018003f58b     BugTrap.exp
 0002:0000b5a0       $N00069                    000000018003f5a0     BugTrap.exp
 0002:0000b5b7       $N00070                    000000018003f5b7     BugTrap.exp
 0002:0000b5c9       $N00071                    000000018003f5c9     BugTrap.exp
 0002:0000b5d6       $N00072                    000000018003f5d6     BugTrap.exp
 0002:0000b5ee       $N00073                    000000018003f5ee     BugTrap.exp
 0002:0000b603       $N00074                    000000018003f603     BugTrap.exp
 0002:0000b617       $N00075                    000000018003f617     BugTrap.exp
 0002:0000b62c       $N00076                    000000018003f62c     BugTrap.exp
 0002:0000b63f       $N00077                    000000018003f63f     BugTrap.exp
 0002:0000b652       $N00078                    000000018003f652     BugTrap.exp
 0002:0000b664       $N00079                    000000018003f664     BugTrap.exp
 0002:0000b676       $N00080                    000000018003f676     BugTrap.exp
 0002:0000b68a       $N00081                    000000018003f68a     BugTrap.exp
 0002:0000b69b       $N00082                    000000018003f69b     BugTrap.exp
 0002:0000b6ad       $N00083                    000000018003f6ad     BugTrap.exp
 0002:0000b6c7       $N00084                    000000018003f6c7     BugTrap.exp
 0002:0000c2e4       .idata$6                   00000001800402e4     ws2_32:WS2_32.dll
 0002:0000c334       .idata$6                   0000000180040334     comctl32:COMCTL32.dll
 0002:0000c452       .idata$6                   0000000180040452     shlwapi:SHLWAPI.dll
 0002:0000c4a0       .idata$6                   00000001800404a0     version:VERSION.dll
 0002:0000c5a0       .idata$6                   00000001800405a0     wininet:WININET.dll
 0002:0000cb5c       .idata$6                   0000000180040b5c     kernel32:KERNEL32.dll
 0002:0000d11a       .idata$6                   000000018004111a     user32:USER32.dll
 0002:0000d27c       .idata$6                   000000018004127c     gdi32:GDI32.dll
 0002:0000d29a       .idata$6                   000000018004129a     comdlg32:COMDLG32.dll
 0002:0000d34c       .idata$6                   000000018004134c     advapi32:ADVAPI32.dll
 0002:0000d396       .idata$6                   0000000180041396     shell32:SHELL32.dll
 0002:0000d3b4       .idata$6                   00000001800413b4     ole32:ole32.dll
 0002:0000d3be       .idata$6                   00000001800413be     oleaut32:OLEAUT32.dll
 0002:0000d438       .idata$6                   0000000180041438     vcruntime:VCRUNTIME140.dll
 0002:0000d64a       .idata$6                   000000018004164a     ucrt:api-ms-win-crt-heap-l1-1-0.dll
 0002:0000d66a       .idata$6                   000000018004166a     ucrt:api-ms-win-crt-string-l1-1-0.dll
 0002:0000d68c       .idata$6                   000000018004168c     ucrt:api-ms-win-crt-stdio-l1-1-0.dll
 0002:0000d6ac       .idata$6                   00000001800416ac     ucrt:api-ms-win-crt-convert-l1-1-0.dll
 0002:0000d6ce       .idata$6                   00000001800416ce     ucrt:api-ms-win-crt-runtime-l1-1-0.dll
 0003:00000000       ?g_arrLogFiles@@3V?$CArray@PEAVCLogFile@@V?$CDynamicTraits@PEAVCLogFile@@@@V?$CCompareTraits@PEAVCLogFile@@@@@@A 0000000180042000     BugTrap.obj
 0003:00000018       ?g_ModuleImportTable@@3VCModuleImportTable@@A 0000000180042018     BugTrap.obj
 0003:00000040       ?arrRegKeySynonyms@?1??GetRootKey@@YAHPEBDAEAPEAUHKEY__@@AEAPEBD2@Z@4PAUREGKEY_SYNONYM@?1??1@YAH0122@Z@A 0000000180042040     BugTrap.obj
 0003:00000190       ?g_ProcessListOrder@@3VCListViewOrder@@A 0000000180042190     MachineStateDlg.obj
 0003:00000198       ?g_ModulesListOrder@@3VCListViewOrder@@A 0000000180042198     MachineStateDlg.obj
 0003:000001a0       ?g_FilesListOrder@@3VCListViewOrder@@A 00000001800421a0     PreviewDlg.obj
 0003:000001a8       ?g_hFile@@3PEAXEA          00000001800421a8     PreviewDlg.obj
 0003:000004f8       $SG4294966406              00000001800424f8     zlib:zutil.obj
 0003:00000508       $SG4294966405              0000000180042508     zlib:zutil.obj
 0003:00000518       $SG4294966403              0000000180042518     zlib:zutil.obj
 0003:00000528       $SG4294966402              0000000180042528     zlib:zutil.obj
 0003:00000538       $SG4294966401              0000000180042538     zlib:zutil.obj
 0003:00000548       $SG4294966400              0000000180042548     zlib:zutil.obj
 0003:00000560       $SG4294966399              0000000180042560     zlib:zutil.obj
 0003:00000570       $SG4294966398              0000000180042570     zlib:zutil.obj
 0003:00000588       $SG4294967288              0000000180042588     zlib:zip.obj
 0003:00000590       $SG4294967289              0000000180042590     zlib:zip.obj
 0003:00000594       $SG4294966809              0000000180042594     zlib:ioapi.obj
 0003:00000598       $SG4294966810              0000000180042598     zlib:ioapi.obj
 0003:0000059c       $SG4294966811              000000018004259c     zlib:ioapi.obj
 0003:000005a0       static_d_desc              00000001800425a0     zlib:trees.obj
 0003:000005c0       static_bl_desc             00000001800425c0     zlib:trees.obj
 0003:000005e0       static_l_desc              00000001800425e0     zlib:trees.obj
 0003:00000600       ?g_hlURL@@3VCHyperLink@@A  0000000180042600     AboutDlg.obj
 0003:00000728       ?g_csMutualLogAccess@@3U_RTL_CRITICAL_SECTION@@A 0000000180042728     BugTrap.obj
 0003:00000750       ?g_csConsoleAccess@@3U_RTL_CRITICAL_SECTION@@A 0000000180042750     BugTrap.obj
 0003:00000778       ?g_csHandlerSync@@3U_RTL_CRITICAL_SECTION@@A 0000000180042778     BugTrap.obj
 0003:000007a0       ?g_bInDllMain@@3HA         00000001800427a0     BugTrap.obj
 0003:000007a4       ?g_bLoggingEnabled@@3HA    00000001800427a4     BugTrap.obj
 0003:000007a8       ?g_hLogRequestComplete@@3PEAXEA 00000001800427a8     BugTrap.obj
 0003:000007b0       ?g_dwNumLogRequests@@3KA   00000001800427b0     BugTrap.obj
 0003:000007b8       ?g_pfnOldExceptionFilter@@3P6AJPEAU_EXCEPTION_POINTERS@@@ZEA 00000001800427b8     BugTrap.obj
 0003:000007c0       ?g_bShowUI@@3HA            00000001800427c0     BugTrapUI.obj
 0003:000007d0       ?g_arrDescribeErrorLayout@@3PAULAYOUT_INFO@@A 00000001800427d0     DescribeErrorDlg.obj
 0003:00000840       ?g_LayoutMgr@@3VCLayoutManager@@A 0000000180042840     DescribeErrorDlg.obj
 0003:00001480       ?g_arrMachineStateLayout@@3PAULAYOUT_INFO@@A 0000000180043480     MachineStateDlg.obj
 0003:00001538       ?g_LayoutMgr@@3VCLayoutManager@@A 0000000180043538     MachineStateDlg.obj
 0003:00001570       ?g_hlURL@@3VCHyperLink@@A  0000000180043570     MainDlg.obj
 0003:00001690       ?g_hwndToolTip@@3PEAUHWND__@@EA 0000000180043690     MainDlg.obj
 0003:000016a0       ?g_arrPreviewLayout@@3PAULAYOUT_INFO@@A 00000001800436a0     PreviewDlg.obj
 0003:00001778       ?g_LayoutMgr@@3VCLayoutManager@@A 0000000180043778     PreviewDlg.obj
 0003:000017a8       ?g_Splitter@@3VCSplitter@@A 00000001800437a8     PreviewDlg.obj
 0003:000017e0       ?g_TextView@@3VCTextView@@A 00000001800437e0     PreviewDlg.obj
 0003:00001848       ?g_HexView@@3VCHexView@@A  0000000180043848     PreviewDlg.obj
 0003:00001880       ?g_ImageView@@3VCImageView@@A 0000000180043880     PreviewDlg.obj
 0003:000018c0       ?g_eFileViewType@@3W4FILE_VIEW_TYPE@@A 00000001800438c0     PreviewDlg.obj
 0003:000018c4       ?g_bTextFile@@3HA          00000001800438c4     PreviewDlg.obj
 0003:000018c8       ?g_hBitmap@@3PEAUHBITMAP__@@EA 00000001800438c8     PreviewDlg.obj
 0003:000018d0       ?g_eEncoding@@3W4TEXT_ENCODING@@A 00000001800438d0     PreviewDlg.obj
 0003:000018d4       ?g_dwSignatureSize@@3KA    00000001800438d4     PreviewDlg.obj
 0003:000018d8       ?g_hImageList@@3PEAU_IMAGELIST@@EA 00000001800438d8     PreviewDlg.obj
 0003:000018e0       ?g_arrSendMailLayout@@3PAULAYOUT_INFO@@A 00000001800438e0     SendMailDlg.obj
 0003:000019b8       ?g_LayoutMgr@@3VCLayoutManager@@A 00000001800439b8     SendMailDlg.obj
 0003:000019f0       ?g_hlURL@@3VCHyperLink@@A  00000001800439f0     SimpleDlg.obj
 0003:00001b10       ?g_hlMailTo@@3VCHyperLink@@A 0000000180043b10     SimpleDlg.obj
 0003:00001c30       ?g_hwndToolTip@@3PEAUHWND__@@EA 0000000180043c30     SimpleDlg.obj
 0003:00001de8       ?g_hTransferThread@@3PEAXEA 0000000180043de8     TransferProgressDlg.obj
 0003:00001df0       ?g_pTransferThreadParams@@3PEAVCTransferThreadParams@@EA 0000000180043df0     TransferProgressDlg.obj
 0003:00001e30       ?is_initialized_as_dll@@3_NA 0000000180043e30     MSVCRT:utility.obj
 0003:00001e31       ?module_local_atexit_table_initialized@@3_NA 0000000180043e31     MSVCRT:utility.obj
 0003:00001e38       ?module_local_atexit_table@@3U_onexit_table_t@@A 0000000180043e38     MSVCRT:utility.obj
 0003:00001e50       ?module_local_at_quick_exit_table@@3U_onexit_table_t@@A 0000000180043e50     MSVCRT:utility.obj
 0003:00001e68       ?__proc_attached@@3HA      0000000180043e68     MSVCRT:dll_dllmain.obj
 0003:00001e70       GS_ExceptionRecord         0000000180043e70     MSVCRT:gs_report.obj
 0003:00001f10       GS_ContextRecord           0000000180043f10     MSVCRT:gs_report.obj
 0003:00002408       $SG4294966404              0000000180044408     zlib:zutil.obj
 0003:00002409       $SG4294966397              0000000180044409     zlib:zutil.obj
 0003:0000240c       ?calls@?1??crypthead@@9@9  000000018004440c     zlib:zip.obj
 0005:000006c0       $R000000                   00000001800496c0     BugTrap.res
 0005:00000a28       $R000368                   0000000180049a28     BugTrap.res
 0005:000016d0       $R001010                   000000018004a6d0     BugTrap.res
 0005:00003378       $R002CB8                   000000018004c378     BugTrap.res
 0005:000033a8       $R002CE8                   000000018004c3a8     BugTrap.res
 0005:00003430       $R002D70                   000000018004c430     BugTrap.res
 0005:000034d0       $R002E10                   000000018004c4d0     BugTrap.res
 0005:00003718       $R003058                   000000018004c718     BugTrap.res
 0005:00005670       $R004FB0                   000000018004e670     BugTrap.res
 0005:000056b0       $R004FF0                   000000018004e6b0     BugTrap.res
 0005:00005938       $R005278                   000000018004e938     BugTrap.res
 0005:00005b20       $R005460                   000000018004eb20     BugTrap.res
 0005:00005ce8       $R005628                   000000018004ece8     BugTrap.res
 0005:00005da8       $R0056E8                   000000018004eda8     BugTrap.res
 0005:00005f80       $R0058C0                   000000018004ef80     BugTrap.res
 0005:00006390       $R005CD0                   000000018004f390     BugTrap.res
 0005:00006578       $R005EB8                   000000018004f578     BugTrap.res
 0005:00006630       $R005F70                   000000018004f630     BugTrap.res
 0005:00006c10       $R006550                   000000018004fc10     BugTrap.res
 0005:00006df0       $R006730                   000000018004fdf0     BugTrap.res
 0005:000073e8       $R006D28                   00000001800503e8     BugTrap.res
 0005:00007660       $R006FA0                   0000000180050660     BugTrap.res
 0005:00007858       $R007198                   0000000180050858     BugTrap.res
 0005:00007a08       $R007348                   0000000180050a08     BugTrap.res
 0005:00007ac8       $R007408                   0000000180050ac8     BugTrap.res
 0005:00007c98       $R0075D8                   0000000180050c98     BugTrap.res
 0005:000080c8       $R007A08                   00000001800510c8     BugTrap.res
 0005:00008298       $R007BD8                   0000000180051298     BugTrap.res
 0005:00008480       $R007DC0                   0000000180051480     BugTrap.res
 0005:00008530       $R007E70                   0000000180051530     BugTrap.res
 0005:000086f0       $R008030                   00000001800516f0     BugTrap.res
 0005:00008d10       $R008650                   0000000180051d10     BugTrap.res
 0005:00009050       $R008990                   0000000180052050     BugTrap.res
 0005:00009220       $R008B60                   0000000180052220     BugTrap.res
 0005:00009300       $R008C40                   0000000180052300     BugTrap.res
 0005:00009610       $R008F50                   0000000180052610     BugTrap.res
 0005:000097c8       $R009108                   00000001800527c8     BugTrap.res
 0005:00009878       $R0091B8                   0000000180052878     BugTrap.res

 Exports

  ordinal    name

        1    BT_AddLogFile
        2    BT_AddRegFile
        3    BT_AppLogEntry
        4    BT_AppLogEntryF
        5    BT_AppLogEntryV
        6    BT_CallCppFilter
        7    BT_CallNetFilter
        8    BT_CallSehFilter
        9    BT_ClearLog
       10    BT_ClearLogFiles
       11    BT_CloseLogFile
       12    BT_CppFilter
       13    BT_DeleteLogFile
       14    BT_ExportRegistryKey
       15    BT_FlushLogFile
       16    BT_GetActivityType
       17    BT_GetAppName
       18    BT_GetAppVersion
       19    BT_GetDialogMessage
       20    BT_GetDumpType
       21    BT_GetExitMode
       22    BT_GetFlags
       23    BT_GetLogEchoMode
       24    BT_GetLogFileEntry
       25    BT_GetLogFileName
       26    BT_GetLogFilesCount
       27    BT_GetLogFlags
       28    BT_GetLogLevel
       29    BT_GetLogSizeInBytes
       30    BT_GetLogSizeInEntries
       31    BT_GetMailProfile
       32    BT_GetModule
       33    BT_GetNotificationEMail
       34    BT_GetPostErrHandler
       35    BT_GetPreErrHandler
       36    BT_GetReportFilePath
       37    BT_GetReportFormat
       38    BT_GetSupportEMail
       39    BT_GetSupportHost
       40    BT_GetSupportPort
       41    BT_GetSupportURL
       42    BT_GetUserMessage
       43    BT_InsLogEntry
       44    BT_InsLogEntryF
       45    BT_InsLogEntryV
       46    BT_InstallSehFilter
       47    BT_InterceptSUEF
       48    BT_MailSnapshot
       49    BT_MailSnapshotEx
       50    BT_NetFilter
       51    BT_OpenLogFile
       52    BT_ReadVersionInfo
       53    BT_SaveSnapshot
       54    BT_SaveSnapshotEx
       55    BT_SehFilter
       56    BT_SendSnapshot
       57    BT_SendSnapshotEx
       58    BT_SetActivityType
       59    BT_SetAppName
       60    BT_SetAppVersion
       61    BT_SetDialogMessage
       62    BT_SetDumpType
       63    BT_SetExitMode
       64    BT_SetFlags
       65    BT_SetLogEchoMode
       66    BT_SetLogFlags
       67    BT_SetLogLevel
       68    BT_SetLogSizeInBytes
       69    BT_SetLogSizeInEntries
       70    BT_SetMailProfile
       71    BT_SetModule
       72    BT_SetNotificationEMail
       73    BT_SetPostErrHandler
       74    BT_SetPreErrHandler
       75    BT_SetReportFilePath
       76    BT_SetReportFormat
       77    BT_SetSupportEMail
       78    BT_SetSupportHost
       79    BT_SetSupportPort
       80    BT_SetSupportServer
       81    BT_SetSupportURL
       82    BT_SetUserMessage
       83    BT_SetUserMessageFromCode
       84    BT_UninstallSehFilter
